../Core/Src/can.c:20:6:can_init	40	static
../Core/Src/can.c:53:6:can_enable	56	static
../Core/Src/can.c:122:6:can_disable	8	static
../Core/Src/can.c:136:6:can_set_bitrate	8	static
../Core/Src/can.c:184:6:can_set_silent	8	static
../Core/Src/can.c:203:6:can_set_autoretransmit	8	static
../Core/Src/can.c:222:10:can_tx	32	static
../Core/Src/can.c:248:6:can_process	24	static
../Core/Src/can.c:270:10:can_rx	8	static
../Core/Src/can.c:279:9:is_can_msg_pending	8	static
../Core/Src/can.c:290:20:can_gethandle	0	static
../Core/Src/can.c:297:6:HAL_CAN_RxFifo0FullCallback	8	static
