../Core/Src/can.c:20:6:can_init	40	static
../Core/Src/can.c:53:6:can_enable	56	static
../Core/Src/can.c:121:6:can_disable	8	static
../Core/Src/can.c:135:6:can_set_bitrate	8	static
../Core/Src/can.c:183:6:can_set_silent	8	static
../Core/Src/can.c:202:6:can_set_autoretransmit	8	static
../Core/Src/can.c:221:10:can_tx	32	static
../Core/Src/can.c:247:6:can_process	24	static
../Core/Src/can.c:269:10:can_rx	8	static
../Core/Src/can.c:278:9:is_can_msg_pending	8	static
../Core/Src/can.c:289:20:can_gethandle	0	static
../Core/Src/can.c:296:6:HAL_CAN_RxFifo0FullCallback	8	static
