../Core/Src/main.c:1176:7:scaleVolume	8	static
../Core/Src/main.c:1186:9:scaleColorSet	0	static
../Core/Src/main.c:1194:9:saveOnflash	32	static
../Core/Src/main.c:1223:10:readFromFlash	0	static
../Core/Src/main.c:1235:7:clearDashboardBaccableMenu	8	static,ignoring_inline_asm
../Core/Src/main.c:1252:6:floatToStr	56	static
../Core/Src/main.c:1094:7:sendDashboardPageToSlaveBaccable	56	static,ignoring_inline_asm
../Core/Src/main.c:1355:6:SystemClock_Config	112	static,ignoring_inline_asm
../Core/Src/main.c:225:5:main	40	static
../Core/Src/main.c:1396:6:Error_Handler	0	static,ignoring_inline_asm
../Core/Src/main.c:1402:6:system_irq_disable	0	static,ignoring_inline_asm
../Core/Src/main.c:1410:6:system_irq_enable	0	static,ignoring_inline_asm
../Core/Src/main.c:1414:6:system_hex32	12	static
