../Core/Src/main.c:1005:7:scaleVolume	8	static
../Core/Src/main.c:1015:9:scaleColorSet	0	static
../Core/Src/main.c:1023:9:saveOnflash	32	static
../Core/Src/main.c:1052:10:readFromFlash	0	static
../Core/Src/main.c:1063:6:floatToStr	56	static
../Core/Src/main.c:1166:6:SystemClock_Config	112	static,ignoring_inline_asm
../Core/Src/main.c:210:5:main	40	static
../Core/Src/main.c:1207:6:Error_Handler	0	static,ignoring_inline_asm
../Core/Src/main.c:1213:6:system_irq_disable	0	static,ignoring_inline_asm
../Core/Src/main.c:1221:6:system_irq_enable	0	static,ignoring_inline_asm
../Core/Src/main.c:1225:6:system_hex32	12	static
