../Core/Src/vuMeter.c:247:6:setLedsVumeter	56	static
../Core/Src/vuMeter.c:328:6:Set_LED	12	static
../Core/Src/vuMeter.c:100:6:setItalianFlag	16	static
../Core/Src/vuMeter.c:121:6:setCrazyFlag	32	static
../Core/Src/vuMeter.c:132:6:setGermanFlag	8	static
../Core/Src/vuMeter.c:164:6:setEuropeanFlag	16	static
../Core/Src/vuMeter.c:337:6:Set_Brightness	32	static
../Core/Src/vuMeter.c:352:6:WS2812_Send	24	static
../Core/Src/vuMeter.c:188:6:vuMeterUpdate	32	static
../Core/Src/vuMeter.c:401:6:MX_TIM1_Init	104	static
../Core/Src/vuMeter.c:463:6:MX_DMA_Init	16	static
../Core/Src/vuMeter.c:474:6:HAL_TIM_PWM_PulseFinishedCallback	8	static
../Core/Src/vuMeter.c:484:6:MX_GPIO_Init	8	static
../Core/Src/vuMeter.c:42:6:vuMeterInit	16	static
../Core/Src/vuMeter.c:489:9:myAbs	0	static
