../Core/Src/vuMeter.c:213:6:shutdownLedsStrip	8	static
../Core/Src/vuMeter.c:371:6:setLedsVumeter	56	static
../Core/Src/vuMeter.c:452:6:Set_LED	12	static
../Core/Src/vuMeter.c:223:6:setItalianFlag	16	static
../Core/Src/vuMeter.c:244:6:setCrazyFlag	32	static
../Core/Src/vuMeter.c:255:6:setGermanFlag	8	static
../Core/Src/vuMeter.c:287:6:setEuropeanFlag	16	static
../Core/Src/vuMeter.c:461:6:Set_Brightness	32	static
../Core/Src/vuMeter.c:476:6:WS2812_Send	24	static
../Core/Src/vuMeter.c:311:6:vuMeterUpdate	24	static
../Core/Src/vuMeter.c:525:6:MX_TIM1_Init	104	static
../Core/Src/vuMeter.c:587:6:MX_DMA_Init	16	static
../Core/Src/vuMeter.c:598:6:HAL_TIM_PWM_PulseFinishedCallback	8	static
../Core/Src/vuMeter.c:608:6:MX_GPIO_Init	8	static
../Core/Src/vuMeter.c:45:6:vuMeterInit	16	static
../Core/Src/vuMeter.c:613:9:myAbs	0	static
