Archive member included to satisfy reference by file (symbol)

C:/ST/STM32CubeIDE_1.15.1/STM32CubeIDE/plugins/com.st.stm32cube.ide.mcu.externaltools.gnu-tools-for-stm32.12.3.rel1.win32_1.0.100.202403111256/tools/bin/../lib/gcc/arm-none-eabi/12.3.1/../../../../arm-none-eabi/lib/thumb/v6-m/nofp\libc_nano.a(libc_a-exit.o)
                              C:/ST/STM32CubeIDE_1.15.1/STM32CubeIDE/plugins/com.st.stm32cube.ide.mcu.externaltools.gnu-tools-for-stm32.12.3.rel1.win32_1.0.100.202403111256/tools/bin/../lib/gcc/arm-none-eabi/12.3.1/../../../../arm-none-eabi/lib/thumb/v6-m/nofp/crt0.o (exit)
C:/ST/STM32CubeIDE_1.15.1/STM32CubeIDE/plugins/com.st.stm32cube.ide.mcu.externaltools.gnu-tools-for-stm32.12.3.rel1.win32_1.0.100.202403111256/tools/bin/../lib/gcc/arm-none-eabi/12.3.1/../../../../arm-none-eabi/lib/thumb/v6-m/nofp\libc_nano.a(libc_a-rand.o)
                              ./Core/Src/vuMeter.o (rand)
C:/ST/STM32CubeIDE_1.15.1/STM32CubeIDE/plugins/com.st.stm32cube.ide.mcu.externaltools.gnu-tools-for-stm32.12.3.rel1.win32_1.0.100.202403111256/tools/bin/../lib/gcc/arm-none-eabi/12.3.1/../../../../arm-none-eabi/lib/thumb/v6-m/nofp\libc_nano.a(libc_a-findfp.o)
                              C:/ST/STM32CubeIDE_1.15.1/STM32CubeIDE/plugins/com.st.stm32cube.ide.mcu.externaltools.gnu-tools-for-stm32.12.3.rel1.win32_1.0.100.202403111256/tools/bin/../lib/gcc/arm-none-eabi/12.3.1/../../../../arm-none-eabi/lib/thumb/v6-m/nofp\libc_nano.a(libc_a-exit.o) (__stdio_exit_handler)
C:/ST/STM32CubeIDE_1.15.1/STM32CubeIDE/plugins/com.st.stm32cube.ide.mcu.externaltools.gnu-tools-for-stm32.12.3.rel1.win32_1.0.100.202403111256/tools/bin/../lib/gcc/arm-none-eabi/12.3.1/../../../../arm-none-eabi/lib/thumb/v6-m/nofp\libc_nano.a(libc_a-fwalk.o)
                              C:/ST/STM32CubeIDE_1.15.1/STM32CubeIDE/plugins/com.st.stm32cube.ide.mcu.externaltools.gnu-tools-for-stm32.12.3.rel1.win32_1.0.100.202403111256/tools/bin/../lib/gcc/arm-none-eabi/12.3.1/../../../../arm-none-eabi/lib/thumb/v6-m/nofp\libc_nano.a(libc_a-findfp.o) (_fwalk_sglue)
C:/ST/STM32CubeIDE_1.15.1/STM32CubeIDE/plugins/com.st.stm32cube.ide.mcu.externaltools.gnu-tools-for-stm32.12.3.rel1.win32_1.0.100.202403111256/tools/bin/../lib/gcc/arm-none-eabi/12.3.1/../../../../arm-none-eabi/lib/thumb/v6-m/nofp\libc_nano.a(libc_a-stdio.o)
                              C:/ST/STM32CubeIDE_1.15.1/STM32CubeIDE/plugins/com.st.stm32cube.ide.mcu.externaltools.gnu-tools-for-stm32.12.3.rel1.win32_1.0.100.202403111256/tools/bin/../lib/gcc/arm-none-eabi/12.3.1/../../../../arm-none-eabi/lib/thumb/v6-m/nofp\libc_nano.a(libc_a-findfp.o) (__sread)
C:/ST/STM32CubeIDE_1.15.1/STM32CubeIDE/plugins/com.st.stm32cube.ide.mcu.externaltools.gnu-tools-for-stm32.12.3.rel1.win32_1.0.100.202403111256/tools/bin/../lib/gcc/arm-none-eabi/12.3.1/../../../../arm-none-eabi/lib/thumb/v6-m/nofp\libc_nano.a(libc_a-memset.o)
                              C:/ST/STM32CubeIDE_1.15.1/STM32CubeIDE/plugins/com.st.stm32cube.ide.mcu.externaltools.gnu-tools-for-stm32.12.3.rel1.win32_1.0.100.202403111256/tools/bin/../lib/gcc/arm-none-eabi/12.3.1/../../../../arm-none-eabi/lib/thumb/v6-m/nofp/crt0.o (memset)
C:/ST/STM32CubeIDE_1.15.1/STM32CubeIDE/plugins/com.st.stm32cube.ide.mcu.externaltools.gnu-tools-for-stm32.12.3.rel1.win32_1.0.100.202403111256/tools/bin/../lib/gcc/arm-none-eabi/12.3.1/../../../../arm-none-eabi/lib/thumb/v6-m/nofp\libc_nano.a(libc_a-closer.o)
                              C:/ST/STM32CubeIDE_1.15.1/STM32CubeIDE/plugins/com.st.stm32cube.ide.mcu.externaltools.gnu-tools-for-stm32.12.3.rel1.win32_1.0.100.202403111256/tools/bin/../lib/gcc/arm-none-eabi/12.3.1/../../../../arm-none-eabi/lib/thumb/v6-m/nofp\libc_nano.a(libc_a-stdio.o) (_close_r)
C:/ST/STM32CubeIDE_1.15.1/STM32CubeIDE/plugins/com.st.stm32cube.ide.mcu.externaltools.gnu-tools-for-stm32.12.3.rel1.win32_1.0.100.202403111256/tools/bin/../lib/gcc/arm-none-eabi/12.3.1/../../../../arm-none-eabi/lib/thumb/v6-m/nofp\libc_nano.a(libc_a-reent.o)
                              C:/ST/STM32CubeIDE_1.15.1/STM32CubeIDE/plugins/com.st.stm32cube.ide.mcu.externaltools.gnu-tools-for-stm32.12.3.rel1.win32_1.0.100.202403111256/tools/bin/../lib/gcc/arm-none-eabi/12.3.1/../../../../arm-none-eabi/lib/thumb/v6-m/nofp\libc_nano.a(libc_a-closer.o) (errno)
C:/ST/STM32CubeIDE_1.15.1/STM32CubeIDE/plugins/com.st.stm32cube.ide.mcu.externaltools.gnu-tools-for-stm32.12.3.rel1.win32_1.0.100.202403111256/tools/bin/../lib/gcc/arm-none-eabi/12.3.1/../../../../arm-none-eabi/lib/thumb/v6-m/nofp\libc_nano.a(libc_a-impure.o)
                              C:/ST/STM32CubeIDE_1.15.1/STM32CubeIDE/plugins/com.st.stm32cube.ide.mcu.externaltools.gnu-tools-for-stm32.12.3.rel1.win32_1.0.100.202403111256/tools/bin/../lib/gcc/arm-none-eabi/12.3.1/../../../../arm-none-eabi/lib/thumb/v6-m/nofp\libc_nano.a(libc_a-rand.o) (_impure_ptr)
[...]
Memory Configuration

Name             Origin             Length             Attributes
RAM              0x20000000         0x00004000         xrw
FLASH            0x08000000         0x00010000         xr
*default*        0x00000000         0xffffffff

Linker script and memory map

LOAD C:/ST/STM32CubeIDE_1.15.1/STM32CubeIDE/plugins/com.st.stm32cube.ide.mcu.externaltools.gnu-tools-for-stm32.12.3.rel1.win32_1.0.100.202403111256/tools/bin/../lib/gcc/arm-none-eabi/12.3.1/thumb/v6-m/nofp/crti.o
LOAD C:/ST/STM32CubeIDE_1.15.1/STM32CubeIDE/plugins/com.st.stm32cube.ide.mcu.externaltools.gnu-tools-for-stm32.12.3.rel1.win32_1.0.100.202403111256/tools/bin/../lib/gcc/arm-none-eabi/12.3.1/thumb/v6-m/nofp/crtbegin.o
LOAD C:/ST/STM32CubeIDE_1.15.1/STM32CubeIDE/plugins/com.st.stm32cube.ide.mcu.externaltools.gnu-tools-for-stm32.12.3.rel1.win32_1.0.100.202403111256/tools/bin/../lib/gcc/arm-none-eabi/12.3.1/../../../../arm-none-eabi/lib/thumb/v6-m/nofp/crt0.o
LOAD ./Core/Src/can.o
LOAD ./Core/Src/error.o
LOAD ./Core/Src/main.o
LOAD ./Core/Src/onboardLed.o
LOAD ./Core/Src/printf.o
LOAD ./Core/Src/slcan.o
LOAD ./Core/Src/stm32f0xx_hal_msp.o
LOAD ./Core/Src/stm32f0xx_it.o
LOAD ./Core/Src/syscalls.o
LOAD ./Core/Src/sysmem.o
LOAD ./Core/Src/system_stm32f0xx.o
LOAD ./Core/Src/uart.o
LOAD ./Core/Src/vuMeter.o
LOAD ./Core/Startup/startup_stm32f072c8tx.o
LOAD ./Drivers/STM32F0xx_HAL_Driver/Src/stm32f0xx_hal.o
LOAD ./Drivers/STM32F0xx_HAL_Driver/Src/stm32f0xx_hal_can.o
LOAD ./Drivers/STM32F0xx_HAL_Driver/Src/stm32f0xx_hal_cortex.o
LOAD ./Drivers/STM32F0xx_HAL_Driver/Src/stm32f0xx_hal_dma.o
LOAD ./Drivers/STM32F0xx_HAL_Driver/Src/stm32f0xx_hal_exti.o
LOAD ./Drivers/STM32F0xx_HAL_Driver/Src/stm32f0xx_hal_flash.o
LOAD ./Drivers/STM32F0xx_HAL_Driver/Src/stm32f0xx_hal_flash_ex.o
LOAD ./Drivers/STM32F0xx_HAL_Driver/Src/stm32f0xx_hal_gpio.o
LOAD ./Drivers/STM32F0xx_HAL_Driver/Src/stm32f0xx_hal_i2c.o
LOAD ./Drivers/STM32F0xx_HAL_Driver/Src/stm32f0xx_hal_i2c_ex.o
LOAD ./Drivers/STM32F0xx_HAL_Driver/Src/stm32f0xx_hal_pcd.o
LOAD ./Drivers/STM32F0xx_HAL_Driver/Src/stm32f0xx_hal_pcd_ex.o
LOAD ./Drivers/STM32F0xx_HAL_Driver/Src/stm32f0xx_hal_pwr.o
LOAD ./Drivers/STM32F0xx_HAL_Driver/Src/stm32f0xx_hal_pwr_ex.o
LOAD ./Drivers/STM32F0xx_HAL_Driver/Src/stm32f0xx_hal_rcc.o
LOAD ./Drivers/STM32F0xx_HAL_Driver/Src/stm32f0xx_hal_rcc_ex.o
LOAD ./Drivers/STM32F0xx_HAL_Driver/Src/stm32f0xx_hal_tim.o
LOAD ./Drivers/STM32F0xx_HAL_Driver/Src/stm32f0xx_hal_tim_ex.o
LOAD ./Drivers/STM32F0xx_HAL_Driver/Src/stm32f0xx_hal_uart.o
LOAD ./Drivers/STM32F0xx_HAL_Driver/Src/stm32f0xx_hal_uart_ex.o
LOAD ./Drivers/STM32F0xx_HAL_Driver/Src/stm32f0xx_ll_usb.o
LOAD ./Middlewares/ST/STM32_USB_Device_Library/Class/CDC/Src/usbd_cdc.o
LOAD ./Middlewares/ST/STM32_USB_Device_Library/Core/Src/usbd_core.o
LOAD ./Middlewares/ST/STM32_USB_Device_Library/Core/Src/usbd_ctlreq.o
LOAD ./Middlewares/ST/STM32_USB_Device_Library/Core/Src/usbd_ioreq.o
LOAD ./USB_DEVICE/App/usb_device.o
LOAD ./USB_DEVICE/App/usbd_cdc_if.o
LOAD ./USB_DEVICE/App/usbd_desc.o
LOAD ./USB_DEVICE/Target/usbd_conf.o
START GROUP
LOAD C:/ST/STM32CubeIDE_1.15.1/STM32CubeIDE/plugins/com.st.stm32cube.ide.mcu.externaltools.gnu-tools-for-stm32.12.3.rel1.win32_1.0.100.202403111256/tools/bin/../lib/gcc/arm-none-eabi/12.3.1/../../../../arm-none-eabi/lib/thumb/v6-m/nofp\libc_nano.a
LOAD C:/ST/STM32CubeIDE_1.15.1/STM32CubeIDE/plugins/com.st.stm32cube.ide.mcu.externaltools.gnu-tools-for-stm32.12.3.rel1.win32_1.0.100.202403111256/tools/bin/../lib/gcc/arm-none-eabi/12.3.1/../../../../arm-none-eabi/lib/thumb/v6-m/nofp\libm.a
END GROUP
START GROUP
LOAD C:/ST/STM32CubeIDE_1.15.1/STM32CubeIDE/plugins/com.st.stm32cube.ide.mcu.externaltools.gnu-tools-for-stm32.12.3.rel1.win32_1.0.100.202403111256/tools/bin/../lib/gcc/arm-none-eabi/12.3.1/thumb/v6-m/nofp\libgcc.a
LOAD C:/ST/STM32CubeIDE_1.15.1/STM32CubeIDE/plugins/com.st.stm32cube.ide.mcu.externaltools.gnu-tools-for-stm32.12.3.rel1.win32_1.0.100.202403111256/tools/bin/../lib/gcc/arm-none-eabi/12.3.1/../../../../arm-none-eabi/lib/thumb/v6-m/nofp\libc_nano.a
END GROUP
START GROUP
LOAD C:/ST/STM32CubeIDE_1.15.1/STM32CubeIDE/plugins/com.st.stm32cube.ide.mcu.externaltools.gnu-tools-for-stm32.12.3.rel1.win32_1.0.100.202403111256/tools/bin/../lib/gcc/arm-none-eabi/12.3.1/thumb/v6-m/nofp\libgcc.a
LOAD C:/ST/STM32CubeIDE_1.15.1/STM32CubeIDE/plugins/com.st.stm32cube.ide.mcu.externaltools.gnu-tools-for-stm32.12.3.rel1.win32_1.0.100.202403111256/tools/bin/../lib/gcc/arm-none-eabi/12.3.1/../../../../arm-none-eabi/lib/thumb/v6-m/nofp\libc_nano.a
LOAD C:/ST/STM32CubeIDE_1.15.1/STM32CubeIDE/plugins/com.st.stm32cube.ide.mcu.externaltools.gnu-tools-for-stm32.12.3.rel1.win32_1.0.100.202403111256/tools/bin/../lib/gcc/arm-none-eabi/12.3.1/../../../../arm-none-eabi/lib/thumb/v6-m/nofp\libnosys.a
END GROUP
START GROUP
LOAD C:/ST/STM32CubeIDE_1.15.1/STM32CubeIDE/plugins/com.st.stm32cube.ide.mcu.externaltools.gnu-tools-for-stm32.12.3.rel1.win32_1.0.100.202403111256/tools/bin/../lib/gcc/arm-none-eabi/12.3.1/thumb/v6-m/nofp\libgcc.a
LOAD C:/ST/STM32CubeIDE_1.15.1/STM32CubeIDE/plugins/com.st.stm32cube.ide.mcu.externaltools.gnu-tools-for-stm32.12.3.rel1.win32_1.0.100.202403111256/tools/bin/../lib/gcc/arm-none-eabi/12.3.1/../../../../arm-none-eabi/lib/thumb/v6-m/nofp\libc_nano.a
LOAD C:/ST/STM32CubeIDE_1.15.1/STM32CubeIDE/plugins/com.st.stm32cube.ide.mcu.externaltools.gnu-tools-for-stm32.12.3.rel1.win32_1.0.100.202403111256/tools/bin/../lib/gcc/arm-none-eabi/12.3.1/../../../../arm-none-eabi/lib/thumb/v6-m/nofp\libnosys.a
END GROUP
LOAD C:/ST/STM32CubeIDE_1.15.1/STM32CubeIDE/plugins/com.st.stm32cube.ide.mcu.externaltools.gnu-tools-for-stm32.12.3.rel1.win32_1.0.100.202403111256/tools/bin/../lib/gcc/arm-none-eabi/12.3.1/thumb/v6-m/nofp/crtend.o
LOAD C:/ST/STM32CubeIDE_1.15.1/STM32CubeIDE/plugins/com.st.stm32cube.ide.mcu.externaltools.gnu-tools-for-stm32.12.3.rel1.win32_1.0.100.202403111256/tools/bin/../lib/gcc/arm-none-eabi/12.3.1/thumb/v6-m/nofp/crtn.o
                0x20004000                        _estack = (ORIGIN (RAM) + LENGTH (RAM))
                0x00000200                        _Min_Heap_Size = 0x200
                0x00000400                        _Min_Stack_Size = 0x400

.isr_vector     0x08000000       0xc0
                0x08000000                        . = ALIGN (0x4)
 *(.isr_vector)
 .isr_vector    0x08000000       0xc0 ./Core/Startup/startup_stm32f072c8tx.o
                0x08000000                g_pfnVectors
                0x080000c0                        . = ALIGN (0x4)

.text           0x080000c0     0x3660
                0x080000c0                        . = ALIGN (0x4)
 *(.text)
 .text          0x080000c0       0x48 C:/ST/STM32CubeIDE_1.15.1/STM32CubeIDE/plugins/com.st.stm32cube.ide.mcu.externaltools.gnu-tools-for-stm32.12.3.rel1.win32_1.0.100.202403111256/tools/bin/../lib/gcc/arm-none-eabi/12.3.1/thumb/v6-m/nofp/crtbegin.o
 .text          0x08000108       0x14 C:/ST/STM32CubeIDE_1.15.1/STM32CubeIDE/plugins/com.st.stm32cube.ide.mcu.externaltools.gnu-tools-for-stm32.12.3.rel1.win32_1.0.100.202403111256/tools/bin/../lib/gcc/arm-none-eabi/12.3.1/thumb/v6-m/nofp\libgcc.a(_thumb1_case_uqi.o)
                0x08000108                __gnu_thumb1_case_uqi
 .text          0x0800011c       0x14 C:/ST/STM32CubeIDE_1.15.1/STM32CubeIDE/plugins/com.st.stm32cube.ide.mcu.externaltools.gnu-tools-for-stm32.12.3.rel1.win32_1.0.100.202403111256/tools/bin/../lib/gcc/arm-none-eabi/12.3.1/thumb/v6-m/nofp\libgcc.a(_thumb1_case_uhi.o)
                0x0800011c                __gnu_thumb1_case_uhi
 .text          0x08000130      0x114 C:/ST/STM32CubeIDE_1.15.1/STM32CubeIDE/plugins/com.st.stm32cube.ide.mcu.externaltools.gnu-tools-for-stm32.12.3.rel1.win32_1.0.100.202403111256/tools/bin/../lib/gcc/arm-none-eabi/12.3.1/thumb/v6-m/nofp\libgcc.a(_udivsi3.o)
                0x08000130                __aeabi_uidiv
                0x08000130                __udivsi3
                0x0800023c                __aeabi_uidivmod
 .text          0x08000244      0x1d4 C:/ST/STM32CubeIDE_1.15.1/STM32CubeIDE/plugins/com.st.stm32cube.ide.mcu.externaltools.gnu-tools-for-stm32.12.3.rel1.win32_1.0.100.202403111256/tools/bin/../lib/gcc/arm-none-eabi/12.3.1/thumb/v6-m/nofp\libgcc.a(_divsi3.o)
                0x08000244                __divsi3
                0x08000244                __aeabi_idiv
                0x08000410                __aeabi_idivmod
 .text          0x08000418        0x4 C:/ST/STM32CubeIDE_1.15.1/STM32CubeIDE/plugins/com.st.stm32cube.ide.mcu.externaltools.gnu-tools-for-stm32.12.3.rel1.win32_1.0.100.202403111256/tools/bin/../lib/gcc/arm-none-eabi/12.3.1/thumb/v6-m/nofp\libgcc.a(_dvmd_tls.o)
                0x08000418                __aeabi_idiv0
                0x08000418                __aeabi_ldiv0
 .text          0x0800041c       0x18 C:/ST/STM32CubeIDE_1.15.1/STM32CubeIDE/plugins/com.st.stm32cube.ide.mcu.externaltools.gnu-tools-for-stm32.12.3.rel1.win32_1.0.100.202403111256/tools/bin/../lib/gcc/arm-none-eabi/12.3.1/thumb/v6-m/nofp\libgcc.a(_lshrdi3.o)
                0x0800041c                __lshrdi3
                0x0800041c                __aeabi_llsr
 *(.text*)
 .text.can_init
                0x08000434       0x84 ./Core/Src/can.o
                0x08000434                can_init
 .text.can_enable
                0x080004b8       0x78 ./Core/Src/can.o
                0x080004b8                can_enable
 .text.can_set_bitrate
                0x08000530       0x50 ./Core/Src/can.o
                0x08000530                can_set_bitrate
 .text.can_tx   0x08000580       0x6c ./Core/Src/can.o
                0x08000580                can_tx
 .text.can_process
                0x080005ec       0x60 ./Core/Src/can.o
                0x080005ec                can_process
 .text.can_rx   0x0800064c       0x18 ./Core/Src/can.o
                0x0800064c                can_rx
 .text.is_can_msg_pending
                0x08000664       0x24 ./Core/Src/can.o
                0x08000664                is_can_msg_pending
 .text.error_assert
                0x08000688       0x28 ./Core/Src/error.o
                0x08000688                error_assert
 .text.saveOnflash
                0x080006b0       0x5c ./Core/Src/main.o
                0x080006b0                saveOnflash
 .text.SystemClock_Config
                0x0800070c       0x84 ./Core/Src/main.o
                0x0800070c                SystemClock_Config
 .text.startup.main
                0x08000790      0x410 ./Core/Src/main.o
                0x08000790                main
 .text.Error_Handler
                0x08000ba0        0x4 ./Core/Src/main.o
                0x08000ba0                Error_Handler
 .text.onboardLed_red_on
                0x08000ba4       0x3c ./Core/Src/onboardLed.o
                0x08000ba4                onboardLed_red_on
 .text.onboardLed_red_off
                0x08000be0       0x1c ./Core/Src/onboardLed.o
                0x08000be0                onboardLed_red_off
 .text.onboardLed_red_blink
                0x08000bfc       0x40 ./Core/Src/onboardLed.o
                0x08000bfc                onboardLed_red_blink
 .text.onboardLed_blue_on
                0x08000c3c       0x3c ./Core/Src/onboardLed.o
                0x08000c3c                onboardLed_blue_on
 .text.onboardLed_blue_off
                0x08000c78       0x1c ./Core/Src/onboardLed.o
                0x08000c78                onboardLed_blue_off
 .text.onboardLed_init
                0x08000c94       0x60 ./Core/Src/onboardLed.o
                0x08000c94                onboardLed_init
 .text.onboardLed_process
                0x08000cf4       0x80 ./Core/Src/onboardLed.o
                0x08000cf4                onboardLed_process
 .text.HAL_MspInit
                0x08000d74       0x30 ./Core/Src/stm32f0xx_hal_msp.o
                0x08000d74                HAL_MspInit
 .text.NMI_Handler
                0x08000da4        0x2 ./Core/Src/stm32f0xx_it.o
                0x08000da4                NMI_Handler
 .text.HardFault_Handler
                0x08000da6        0x2 ./Core/Src/stm32f0xx_it.o
                0x08000da6                HardFault_Handler
 .text.SVC_Handler
                0x08000da8        0x2 ./Core/Src/stm32f0xx_it.o
                0x08000da8                SVC_Handler
 .text.PendSV_Handler
                0x08000daa        0x2 ./Core/Src/stm32f0xx_it.o
                0x08000daa                PendSV_Handler
 .text.SysTick_Handler
                0x08000dac        0x8 ./Core/Src/stm32f0xx_it.o
                0x08000dac                SysTick_Handler
 .text.DMA1_Channel4_5_6_7_IRQHandler
                0x08000db4       0x10 ./Core/Src/stm32f0xx_it.o
                0x08000db4                DMA1_Channel4_5_6_7_IRQHandler
 .text.USB_IRQHandler
                0x08000dc4       0x10 ./Core/Src/stm32f0xx_it.o
                0x08000dc4                USB_IRQHandler
 .text.USART2_IRQHandler
                0x08000dd4       0x10 ./Core/Src/stm32f0xx_it.o
                0x08000dd4                USART2_IRQHandler
 .text.SystemInit
                0x08000de4        0x2 ./Core/Src/system_stm32f0xx.o
                0x08000de4                SystemInit
 *fill*         0x08000de6        0x2 
 .text.HAL_UART_RxCpltCallback
                0x08000de8       0x54 ./Core/Src/uart.o
                0x08000de8                HAL_UART_RxCpltCallback
 .text.HAL_UART_TxCpltCallback
                0x08000e3c       0x14 ./Core/Src/uart.o
                0x08000e3c                HAL_UART_TxCpltCallback
 .text.HAL_UART_ErrorCallback
                0x08000e50        0x8 ./Core/Src/uart.o
                0x08000e50                HAL_UART_ErrorCallback
 .text.Reset_Handler
                0x08000e58       0x50 ./Core/Startup/startup_stm32f072c8tx.o
                0x08000e58                Reset_Handler
 .text.Default_Handler
                0x08000ea8        0x2 ./Core/Startup/startup_stm32f072c8tx.o
                0x08000ea8                TIM1_CC_IRQHandler
                0x08000ea8                TSC_IRQHandler
                0x08000ea8                ADC1_COMP_IRQHandler
                0x08000ea8                I2C1_IRQHandler
                0x08000ea8                RCC_CRS_IRQHandler
                0x08000ea8                SPI1_IRQHandler
                0x08000ea8                TIM6_DAC_IRQHandler
                0x08000ea8                USART3_4_IRQHandler
                0x08000ea8                EXTI2_3_IRQHandler
                0x08000ea8                I2C2_IRQHandler
                0x08000ea8                TIM17_IRQHandler
                0x08000ea8                CEC_CAN_IRQHandler
                0x08000ea8                RTC_IRQHandler
                0x08000ea8                PVD_VDDIO2_IRQHandler
                0x08000ea8                TIM16_IRQHandler
                0x08000ea8                TIM3_IRQHandler
                0x08000ea8                EXTI4_15_IRQHandler
                0x08000ea8                DMA1_Channel1_IRQHandler
                0x08000ea8                Default_Handler
                0x08000ea8                TIM14_IRQHandler
                0x08000ea8                TIM7_IRQHandler
                0x08000ea8                TIM15_IRQHandler
                0x08000ea8                EXTI0_1_IRQHandler
                0x08000ea8                SPI2_IRQHandler
                0x08000ea8                WWDG_IRQHandler
                0x08000ea8                TIM2_IRQHandler
                0x08000ea8                DMA1_Channel2_3_IRQHandler
                0x08000ea8                FLASH_IRQHandler
                0x08000ea8                USART1_IRQHandler
                0x08000ea8                TIM1_BRK_UP_TRG_COM_IRQHandler
 *fill*         0x08000eaa        0x2 
 .text.HAL_InitTick
                0x08000eac       0x48 ./Drivers/STM32F0xx_HAL_Driver/Src/stm32f0xx_hal.o
                0x08000eac                HAL_InitTick
 .text.HAL_Init
                0x08000ef4       0x20 ./Drivers/STM32F0xx_HAL_Driver/Src/stm32f0xx_hal.o
                0x08000ef4                HAL_Init
 .text.HAL_IncTick
                0x08000f14       0x18 ./Drivers/STM32F0xx_HAL_Driver/Src/stm32f0xx_hal.o
                0x08000f14                HAL_IncTick
 .text.HAL_GetTick
                0x08000f2c        0xc ./Drivers/STM32F0xx_HAL_Driver/Src/stm32f0xx_hal.o
                0x08000f2c                HAL_GetTick
 .text.HAL_Delay
                0x08000f38       0x24 ./Drivers/STM32F0xx_HAL_Driver/Src/stm32f0xx_hal.o
                0x08000f38                HAL_Delay
 .text.HAL_CAN_MspInit
                0x08000f5c        0x2 ./Drivers/STM32F0xx_HAL_Driver/Src/stm32f0xx_hal_can.o
                0x08000f5c                HAL_CAN_MspInit
 .text.HAL_CAN_Init
                0x08000f5e      0x10c ./Drivers/STM32F0xx_HAL_Driver/Src/stm32f0xx_hal_can.o
                0x08000f5e                HAL_CAN_Init
 .text.HAL_CAN_ConfigFilter
                0x0800106a       0xe6 ./Drivers/STM32F0xx_HAL_Driver/Src/stm32f0xx_hal_can.o
                0x0800106a                HAL_CAN_ConfigFilter
 .text.HAL_CAN_Start
                0x08001150       0x58 ./Drivers/STM32F0xx_HAL_Driver/Src/stm32f0xx_hal_can.o
                0x08001150                HAL_CAN_Start
 .text.HAL_CAN_AddTxMessage
                0x080011a8       0xc6 ./Drivers/STM32F0xx_HAL_Driver/Src/stm32f0xx_hal_can.o
                0x080011a8                HAL_CAN_AddTxMessage
 .text.HAL_CAN_GetTxMailboxesFreeLevel
                0x0800126e       0x28 ./Drivers/STM32F0xx_HAL_Driver/Src/stm32f0xx_hal_can.o
                0x0800126e                HAL_CAN_GetTxMailboxesFreeLevel
 .text.HAL_CAN_GetRxMessage
                0x08001296      0x106 ./Drivers/STM32F0xx_HAL_Driver/Src/stm32f0xx_hal_can.o
                0x08001296                HAL_CAN_GetRxMessage
 .text.HAL_CAN_GetRxFifoFillLevel
                0x0800139c       0x20 ./Drivers/STM32F0xx_HAL_Driver/Src/stm32f0xx_hal_can.o
                0x0800139c                HAL_CAN_GetRxFifoFillLevel
 .text.HAL_NVIC_SetPriority
                0x080013bc       0x54 ./Drivers/STM32F0xx_HAL_Driver/Src/stm32f0xx_hal_cortex.o
                0x080013bc                HAL_NVIC_SetPriority
 .text.HAL_NVIC_EnableIRQ
                0x08001410       0x18 ./Drivers/STM32F0xx_HAL_Driver/Src/stm32f0xx_hal_cortex.o
                0x08001410                HAL_NVIC_EnableIRQ
 .text.HAL_SYSTICK_Config
                0x08001428       0x34 ./Drivers/STM32F0xx_HAL_Driver/Src/stm32f0xx_hal_cortex.o
                0x08001428                HAL_SYSTICK_Config
 .text.HAL_DMA_IRQHandler
                0x0800145c       0x92 ./Drivers/STM32F0xx_HAL_Driver/Src/stm32f0xx_hal_dma.o
                0x0800145c                HAL_DMA_IRQHandler
 *fill*         0x080014ee        0x2 
 .text.FLASH_SetErrorCode
                0x080014f0       0x3c ./Drivers/STM32F0xx_HAL_Driver/Src/stm32f0xx_hal_flash.o
 .text.HAL_FLASH_Unlock
                0x0800152c       0x28 ./Drivers/STM32F0xx_HAL_Driver/Src/stm32f0xx_hal_flash.o
                0x0800152c                HAL_FLASH_Unlock
 .text.HAL_FLASH_Lock
                0x08001554       0x14 ./Drivers/STM32F0xx_HAL_Driver/Src/stm32f0xx_hal_flash.o
                0x08001554                HAL_FLASH_Lock
 .text.FLASH_WaitForLastOperation
                0x08001568       0x54 ./Drivers/STM32F0xx_HAL_Driver/Src/stm32f0xx_hal_flash.o
                0x08001568                FLASH_WaitForLastOperation
 .text.HAL_FLASH_Program
                0x080015bc       0x8c ./Drivers/STM32F0xx_HAL_Driver/Src/stm32f0xx_hal_flash.o
                0x080015bc                HAL_FLASH_Program
 .text.FLASH_MassErase
                0x08001648       0x24 ./Drivers/STM32F0xx_HAL_Driver/Src/stm32f0xx_hal_flash_ex.o
 .text.FLASH_PageErase
                0x0800166c       0x24 ./Drivers/STM32F0xx_HAL_Driver/Src/stm32f0xx_hal_flash_ex.o
                0x0800166c                FLASH_PageErase
 .text.HAL_FLASHEx_Erase
                0x08001690       0x94 ./Drivers/STM32F0xx_HAL_Driver/Src/stm32f0xx_hal_flash_ex.o
                0x08001690                HAL_FLASHEx_Erase
 .text.HAL_GPIO_Init
                0x08001724      0x17c ./Drivers/STM32F0xx_HAL_Driver/Src/stm32f0xx_hal_gpio.o
                0x08001724                HAL_GPIO_Init
 .text.HAL_GPIO_WritePin
                0x080018a0        0xc ./Drivers/STM32F0xx_HAL_Driver/Src/stm32f0xx_hal_gpio.o
                0x080018a0                HAL_GPIO_WritePin
 .text.HAL_PCD_SetAddress
                0x080018ac       0x24 ./Drivers/STM32F0xx_HAL_Driver/Src/stm32f0xx_hal_pcd.o
                0x080018ac                HAL_PCD_SetAddress
 .text.HAL_PCD_EP_Open
                0x080018d0       0x5e ./Drivers/STM32F0xx_HAL_Driver/Src/stm32f0xx_hal_pcd.o
                0x080018d0                HAL_PCD_EP_Open
 .text.HAL_PCD_EP_Receive
                0x0800192e       0x34 ./Drivers/STM32F0xx_HAL_Driver/Src/stm32f0xx_hal_pcd.o
                0x0800192e                HAL_PCD_EP_Receive
 .text.HAL_PCD_EP_Transmit
                0x08001962       0x2c ./Drivers/STM32F0xx_HAL_Driver/Src/stm32f0xx_hal_pcd.o
                0x08001962                HAL_PCD_EP_Transmit
 *fill*         0x0800198e        0x2 
 .text.HAL_PCD_IRQHandler
                0x08001990      0x4a0 ./Drivers/STM32F0xx_HAL_Driver/Src/stm32f0xx_hal_pcd.o
                0x08001990                HAL_PCD_IRQHandler
 .text.HAL_PCD_EP_SetStall
                0x08001e30       0x6a ./Drivers/STM32F0xx_HAL_Driver/Src/stm32f0xx_hal_pcd.o
                0x08001e30                HAL_PCD_EP_SetStall
 .text.HAL_PCD_EP_ClrStall
                0x08001e9a       0x5a ./Drivers/STM32F0xx_HAL_Driver/Src/stm32f0xx_hal_pcd.o
                0x08001e9a                HAL_PCD_EP_ClrStall
 .text.HAL_PCDEx_LPM_Callback
                0x08001ef4        0x2 ./Drivers/STM32F0xx_HAL_Driver/Src/stm32f0xx_hal_pcd_ex.o
                0x08001ef4                HAL_PCDEx_LPM_Callback
 *fill*         0x08001ef6        0x2 
 .text.HAL_RCC_OscConfig
                0x08001ef8      0x4a0 ./Drivers/STM32F0xx_HAL_Driver/Src/stm32f0xx_hal_rcc.o
                0x08001ef8                HAL_RCC_OscConfig
 .text.HAL_RCC_GetSysClockFreq
                0x08002398       0x6c ./Drivers/STM32F0xx_HAL_Driver/Src/stm32f0xx_hal_rcc.o
                0x08002398                HAL_RCC_GetSysClockFreq
 .text.HAL_RCC_ClockConfig
                0x08002404      0x114 ./Drivers/STM32F0xx_HAL_Driver/Src/stm32f0xx_hal_rcc.o
                0x08002404                HAL_RCC_ClockConfig
 .text.HAL_RCCEx_PeriphCLKConfig
                0x08002518      0x148 ./Drivers/STM32F0xx_HAL_Driver/Src/stm32f0xx_hal_rcc_ex.o
                0x08002518                HAL_RCCEx_PeriphCLKConfig
 .text.HAL_UART_Receive_IT
                0x08002660       0xb0 ./Drivers/STM32F0xx_HAL_Driver/Src/stm32f0xx_hal_uart.o
                0x08002660                HAL_UART_Receive_IT
 .text.UART_Transmit_IT
                0x08002710       0x64 ./Drivers/STM32F0xx_HAL_Driver/Src/stm32f0xx_hal_uart.o
                0x08002710                UART_Transmit_IT
 .text.UART_EndTransmit_IT
                0x08002774       0x26 ./Drivers/STM32F0xx_HAL_Driver/Src/stm32f0xx_hal_uart.o
                0x08002774                UART_EndTransmit_IT
 *fill*         0x0800279a        0x2 
 .text.UART_Receive_IT
                0x0800279c       0x90 ./Drivers/STM32F0xx_HAL_Driver/Src/stm32f0xx_hal_uart.o
                0x0800279c                UART_Receive_IT
 .text.HAL_UARTEx_WakeupCallback
                0x0800282c        0x2 ./Drivers/STM32F0xx_HAL_Driver/Src/stm32f0xx_hal_uart_ex.o
                0x0800282c                HAL_UARTEx_WakeupCallback
 .text.HAL_UART_IRQHandler
                0x0800282e       0xfc ./Drivers/STM32F0xx_HAL_Driver/Src/stm32f0xx_hal_uart_ex.o
                0x0800282e                HAL_UART_IRQHandler
 *fill*         0x0800292a        0x2 
 .text.USB_ActivateEndpoint
                0x0800292c      0x21c ./Drivers/STM32F0xx_HAL_Driver/Src/stm32f0xx_ll_usb.o
                0x0800292c                USB_ActivateEndpoint
 .text.USB_EPSetStall
                0x08002b48       0x40 ./Drivers/STM32F0xx_HAL_Driver/Src/stm32f0xx_ll_usb.o
                0x08002b48                USB_EPSetStall
 .text.USB_EPClearStall
                0x08002b88       0x74 ./Drivers/STM32F0xx_HAL_Driver/Src/stm32f0xx_ll_usb.o
                0x08002b88                USB_EPClearStall
 .text.USB_SetDevAddress
                0x08002bfc        0xe ./Drivers/STM32F0xx_HAL_Driver/Src/stm32f0xx_ll_usb.o
                0x08002bfc                USB_SetDevAddress
 .text.USB_ReadInterrupts
                0x08002c0a        0x8 ./Drivers/STM32F0xx_HAL_Driver/Src/stm32f0xx_ll_usb.o
                0x08002c0a                USB_ReadInterrupts
 .text.USB_EP0_OutStart
                0x08002c12        0x4 ./Drivers/STM32F0xx_HAL_Driver/Src/stm32f0xx_ll_usb.o
                0x08002c12                USB_EP0_OutStart
 .text.USB_WritePMA
                0x08002c16       0x2a ./Drivers/STM32F0xx_HAL_Driver/Src/stm32f0xx_ll_usb.o
                0x08002c16                USB_WritePMA
 .text.USB_EPStartXfer
                0x08002c40      0x1b4 ./Drivers/STM32F0xx_HAL_Driver/Src/stm32f0xx_ll_usb.o
                0x08002c40                USB_EPStartXfer
 .text.USB_ReadPMA
                0x08002df4       0x36 ./Drivers/STM32F0xx_HAL_Driver/Src/stm32f0xx_ll_usb.o
                0x08002df4                USB_ReadPMA
 .text.USBD_SetClassConfig
                0x08002e2a       0x1c ./Middlewares/ST/STM32_USB_Device_Library/Core/Src/usbd_core.o
                0x08002e2a                USBD_SetClassConfig
 .text.USBD_ClrClassConfig
                0x08002e46       0x10 ./Middlewares/ST/STM32_USB_Device_Library/Core/Src/usbd_core.o
                0x08002e46                USBD_ClrClassConfig
 *fill*         0x08002e56        0x2 
 .text.USBD_LL_SetupStage
                0x08002e58       0x64 ./Middlewares/ST/STM32_USB_Device_Library/Core/Src/usbd_core.o
                0x08002e58                USBD_LL_SetupStage
 .text.USBD_LL_DataOutStage
                0x08002ebc       0x86 ./Middlewares/ST/STM32_USB_Device_Library/Core/Src/usbd_core.o
                0x08002ebc                USBD_LL_DataOutStage
 .text.USBD_LL_DataInStage
                0x08002f42       0xc8 ./Middlewares/ST/STM32_USB_Device_Library/Core/Src/usbd_core.o
                0x08002f42                USBD_LL_DataInStage
 .text.USBD_LL_Reset
                0x0800300a       0x54 ./Middlewares/ST/STM32_USB_Device_Library/Core/Src/usbd_core.o
                0x0800300a                USBD_LL_Reset
 .text.USBD_LL_SetSpeed
                0x0800305e        0x6 ./Middlewares/ST/STM32_USB_Device_Library/Core/Src/usbd_core.o
                0x0800305e                USBD_LL_SetSpeed
 .text.USBD_LL_Suspend
                0x08003064       0x18 ./Middlewares/ST/STM32_USB_Device_Library/Core/Src/usbd_core.o
                0x08003064                USBD_LL_Suspend
 .text.USBD_LL_Resume
                0x0800307c       0x18 ./Middlewares/ST/STM32_USB_Device_Library/Core/Src/usbd_core.o
                0x0800307c                USBD_LL_Resume
 .text.USBD_LL_SOF
                0x08003094       0x1e ./Middlewares/ST/STM32_USB_Device_Library/Core/Src/usbd_core.o
                0x08003094                USBD_LL_SOF
 .text.USBD_CtlError.constprop.0
                0x080030b2       0x14 ./Middlewares/ST/STM32_USB_Device_Library/Core/Src/usbd_ctlreq.o
 *fill*         0x080030c6        0x2 
 .text.USBD_StdDevReq
                0x080030c8      0x26c ./Middlewares/ST/STM32_USB_Device_Library/Core/Src/usbd_ctlreq.o
                0x080030c8                USBD_StdDevReq
 .text.USBD_StdItfReq
                0x08003334       0x50 ./Middlewares/ST/STM32_USB_Device_Library/Core/Src/usbd_ctlreq.o
                0x08003334                USBD_StdItfReq
 .text.USBD_StdEPReq
                0x08003384      0x124 ./Middlewares/ST/STM32_USB_Device_Library/Core/Src/usbd_ctlreq.o
                0x08003384                USBD_StdEPReq
 .text.USBD_ParseSetupRequest
                0x080034a8       0x28 ./Middlewares/ST/STM32_USB_Device_Library/Core/Src/usbd_ctlreq.o
                0x080034a8                USBD_ParseSetupRequest
 .text.USBD_CtlSendData
                0x080034d0       0x1c ./Middlewares/ST/STM32_USB_Device_Library/Core/Src/usbd_ioreq.o
                0x080034d0                USBD_CtlSendData
 .text.USBD_CtlContinueSendData
                0x080034ec       0x10 ./Middlewares/ST/STM32_USB_Device_Library/Core/Src/usbd_ioreq.o
                0x080034ec                USBD_CtlContinueSendData
 .text.USBD_CtlContinueRx
                0x080034fc       0x10 ./Middlewares/ST/STM32_USB_Device_Library/Core/Src/usbd_ioreq.o
                0x080034fc                USBD_CtlContinueRx
 .text.USBD_CtlSendStatus
                0x0800350c       0x18 ./Middlewares/ST/STM32_USB_Device_Library/Core/Src/usbd_ioreq.o
                0x0800350c                USBD_CtlSendStatus
 .text.USBD_CtlReceiveStatus
                0x08003524       0x18 ./Middlewares/ST/STM32_USB_Device_Library/Core/Src/usbd_ioreq.o
                0x08003524                USBD_CtlReceiveStatus
 .text.USBD_Get_USB_Status
                0x0800353c        0xe ./USB_DEVICE/Target/usbd_conf.o
 .text.HAL_PCD_SetupStageCallback
                0x0800354a       0x12 ./USB_DEVICE/Target/usbd_conf.o
                0x0800354a                HAL_PCD_SetupStageCallback
 .text.HAL_PCD_DataOutStageCallback
                0x0800355c       0x16 ./USB_DEVICE/Target/usbd_conf.o
                0x0800355c                HAL_PCD_DataOutStageCallback
 .text.HAL_PCD_DataInStageCallback
                0x08003572       0x14 ./USB_DEVICE/Target/usbd_conf.o
                0x08003572                HAL_PCD_DataInStageCallback
 .text.HAL_PCD_SOFCallback
                0x08003586        0xe ./USB_DEVICE/Target/usbd_conf.o
                0x08003586                HAL_PCD_SOFCallback
 .text.HAL_PCD_ResetCallback
                0x08003594       0x22 ./USB_DEVICE/Target/usbd_conf.o
                0x08003594                HAL_PCD_ResetCallback
 *fill*         0x080035b6        0x2 
 .text.HAL_PCD_SuspendCallback
                0x080035b8       0x24 ./USB_DEVICE/Target/usbd_conf.o
                0x080035b8                HAL_PCD_SuspendCallback
 .text.HAL_PCD_ResumeCallback
                0x080035dc       0x28 ./USB_DEVICE/Target/usbd_conf.o
                0x080035dc                HAL_PCD_ResumeCallback
 .text.USBD_LL_OpenEP
                0x08003604       0x18 ./USB_DEVICE/Target/usbd_conf.o
                0x08003604                USBD_LL_OpenEP
 .text.USBD_LL_StallEP
                0x0800361c       0x12 ./USB_DEVICE/Target/usbd_conf.o
                0x0800361c                USBD_LL_StallEP
 .text.USBD_LL_ClearStallEP
                0x0800362e       0x12 ./USB_DEVICE/Target/usbd_conf.o
                0x0800362e                USBD_LL_ClearStallEP
 .text.USBD_LL_IsStallEP
                0x08003640       0x24 ./USB_DEVICE/Target/usbd_conf.o
                0x08003640                USBD_LL_IsStallEP
 .text.USBD_LL_SetUSBAddress
                0x08003664       0x12 ./USB_DEVICE/Target/usbd_conf.o
                0x08003664                USBD_LL_SetUSBAddress
 .text.USBD_LL_Transmit
                0x08003676       0x12 ./USB_DEVICE/Target/usbd_conf.o
                0x08003676                USBD_LL_Transmit
 .text.USBD_LL_PrepareReceive
                0x08003688       0x12 ./USB_DEVICE/Target/usbd_conf.o
                0x08003688                USBD_LL_PrepareReceive
 .text.memset   0x0800369a       0x10 C:/ST/STM32CubeIDE_1.15.1/STM32CubeIDE/plugins/com.st.stm32cube.ide.mcu.externaltools.gnu-tools-for-stm32.12.3.rel1.win32_1.0.100.202403111256/tools/bin/../lib/gcc/arm-none-eabi/12.3.1/../../../../arm-none-eabi/lib/thumb/v6-m/nofp\libc_nano.a(libc_a-memset.o)
                0x0800369a                memset
 *fill*         0x080036aa        0x2 
 .text.__libc_init_array
                0x080036ac       0x48 C:/ST/STM32CubeIDE_1.15.1/STM32CubeIDE/plugins/com.st.stm32cube.ide.mcu.externaltools.gnu-tools-for-stm32.12.3.rel1.win32_1.0.100.202403111256/tools/bin/../lib/gcc/arm-none-eabi/12.3.1/../../../../arm-none-eabi/lib/thumb/v6-m/nofp\libc_nano.a(libc_a-init.o)
                0x080036ac                __libc_init_array
 .text.memcpy   0x080036f4       0x12 C:/ST/STM32CubeIDE_1.15.1/STM32CubeIDE/plugins/com.st.stm32cube.ide.mcu.externaltools.gnu-tools-for-stm32.12.3.rel1.win32_1.0.100.202403111256/tools/bin/../lib/gcc/arm-none-eabi/12.3.1/../../../../arm-none-eabi/lib/thumb/v6-m/nofp\libc_nano.a(libc_a-memcpy-stub.o)
                0x080036f4                memcpy
 *(.glue_7)
 .glue_7        0x08003706        0x0 linker stubs
 *(.glue_7t)
 .glue_7t       0x08003706        0x0 linker stubs
 *(.eh_frame)
 *fill*         0x08003706        0x2 
 .eh_frame      0x08003708        0x0 C:/ST/STM32CubeIDE_1.15.1/STM32CubeIDE/plugins/com.st.stm32cube.ide.mcu.externaltools.gnu-tools-for-stm32.12.3.rel1.win32_1.0.100.202403111256/tools/bin/../lib/gcc/arm-none-eabi/12.3.1/thumb/v6-m/nofp/crtbegin.o
 *(.init)
 .init          0x08003708        0x4 C:/ST/STM32CubeIDE_1.15.1/STM32CubeIDE/plugins/com.st.stm32cube.ide.mcu.externaltools.gnu-tools-for-stm32.12.3.rel1.win32_1.0.100.202403111256/tools/bin/../lib/gcc/arm-none-eabi/12.3.1/thumb/v6-m/nofp/crti.o
                0x08003708                _init
 .init          0x0800370c        0x8 C:/ST/STM32CubeIDE_1.15.1/STM32CubeIDE/plugins/com.st.stm32cube.ide.mcu.externaltools.gnu-tools-for-stm32.12.3.rel1.win32_1.0.100.202403111256/tools/bin/../lib/gcc/arm-none-eabi/12.3.1/thumb/v6-m/nofp/crtn.o
 *(.fini)
 .fini          0x08003714        0x4 C:/ST/STM32CubeIDE_1.15.1/STM32CubeIDE/plugins/com.st.stm32cube.ide.mcu.externaltools.gnu-tools-for-stm32.12.3.rel1.win32_1.0.100.202403111256/tools/bin/../lib/gcc/arm-none-eabi/12.3.1/thumb/v6-m/nofp/crti.o
                0x08003714                _fini
 .fini          0x08003718        0x8 C:/ST/STM32CubeIDE_1.15.1/STM32CubeIDE/plugins/com.st.stm32cube.ide.mcu.externaltools.gnu-tools-for-stm32.12.3.rel1.win32_1.0.100.202403111256/tools/bin/../lib/gcc/arm-none-eabi/12.3.1/thumb/v6-m/nofp/crtn.o
                0x08003720                        . = ALIGN (0x4)
                0x08003720                        _etext = .

.vfp11_veneer   0x08003720        0x0
 .vfp11_veneer  0x08003720        0x0 linker stubs

.v4_bx          0x08003720        0x0
 .v4_bx         0x08003720        0x0 linker stubs

.iplt           0x08003720        0x0
 .iplt          0x08003720        0x0 C:/ST/STM32CubeIDE_1.15.1/STM32CubeIDE/plugins/com.st.stm32cube.ide.mcu.externaltools.gnu-tools-for-stm32.12.3.rel1.win32_1.0.100.202403111256/tools/bin/../lib/gcc/arm-none-eabi/12.3.1/thumb/v6-m/nofp/crtbegin.o

.rodata         0x08003720       0x34
                0x08003720                        . = ALIGN (0x4)
 *(.rodata)
 *(.rodata*)
 .rodata.led_light_on_bit
                0x08003720        0x1 ./Core/Src/main.o
                0x08003720                led_light_on_bit
 .rodata.AHBPrescTable
                0x08003721       0x10 ./Core/Src/system_stm32f0xx.o
                0x08003721                AHBPrescTable
 .rodata.aPredivFactorTable.0
                0x08003731       0x10 ./Drivers/STM32F0xx_HAL_Driver/Src/stm32f0xx_hal_rcc.o
 .rodata.aPLLMULFactorTable.1
                0x08003741       0x10 ./Drivers/STM32F0xx_HAL_Driver/Src/stm32f0xx_hal_rcc.o
                0x08003754                        . = ALIGN (0x4)
 *fill*         0x08003751        0x3 

.ARM.extab      0x08003754        0x0
                0x08003754                        . = ALIGN (0x4)
 *(.ARM.extab* .gnu.linkonce.armextab.*)
                0x08003754                        . = ALIGN (0x4)

.ARM            0x08003754        0x0
                0x08003754                        . = ALIGN (0x4)
                0x08003754                        __exidx_start = .
 *(.ARM.exidx*)
                0x08003754                        __exidx_end = .
                0x08003754                        . = ALIGN (0x4)

.preinit_array  0x08003754        0x0
                0x08003754                        . = ALIGN (0x4)
                0x08003754                        PROVIDE (__preinit_array_start = .)
 *(.preinit_array*)
                0x08003754                        PROVIDE (__preinit_array_end = .)
                0x08003754                        . = ALIGN (0x4)

.init_array     0x08003754        0x4
                0x08003754                        . = ALIGN (0x4)
                0x08003754                        PROVIDE (__init_array_start = .)
 *(SORT_BY_NAME(.init_array.*))
 *(.init_array*)
 .init_array    0x08003754        0x4 C:/ST/STM32CubeIDE_1.15.1/STM32CubeIDE/plugins/com.st.stm32cube.ide.mcu.externaltools.gnu-tools-for-stm32.12.3.rel1.win32_1.0.100.202403111256/tools/bin/../lib/gcc/arm-none-eabi/12.3.1/thumb/v6-m/nofp/crtbegin.o
                0x08003758                        PROVIDE (__init_array_end = .)
                0x08003758                        . = ALIGN (0x4)

.fini_array     0x08003758        0x4
                0x08003758                        . = ALIGN (0x4)
                [!provide]                        PROVIDE (__fini_array_start = .)
 *(SORT_BY_NAME(.fini_array.*))
 *(.fini_array*)
 .fini_array    0x08003758        0x4 C:/ST/STM32CubeIDE_1.15.1/STM32CubeIDE/plugins/com.st.stm32cube.ide.mcu.externaltools.gnu-tools-for-stm32.12.3.rel1.win32_1.0.100.202403111256/tools/bin/../lib/gcc/arm-none-eabi/12.3.1/thumb/v6-m/nofp/crtbegin.o
                [!provide]                        PROVIDE (__fini_array_end = .)
                0x0800375c                        . = ALIGN (0x4)
                0x0800375c                        _sidata = LOADADDR (.data)

.rel.dyn        0x0800375c        0x0
 .rel.iplt      0x0800375c        0x0 C:/ST/STM32CubeIDE_1.15.1/STM32CubeIDE/plugins/com.st.stm32cube.ide.mcu.externaltools.gnu-tools-for-stm32.12.3.rel1.win32_1.0.100.202403111256/tools/bin/../lib/gcc/arm-none-eabi/12.3.1/thumb/v6-m/nofp/crtbegin.o

.data           0x20000000       0xf8 load address 0x0800375c
                0x20000000                        . = ALIGN (0x4)
                0x20000000                        _sdata = .
 *(.data)
 *(.data*)
 .data.can_autoretransmit
                0x20000000        0x1 ./Core/Src/can.o
 .data.wheelPressedButtonID
                0x20000001        0x1 ./Core/Src/main.o
                0x20000001                wheelPressedButtonID
 .data.ACC_Disabled
                0x20000002        0x1 ./Core/Src/main.o
                0x20000002                ACC_Disabled
 .data.cruiseControlDisabled
                0x20000003        0x1 ./Core/Src/main.o
                0x20000003                cruiseControlDisabled
 .data.startAndstopCarStatus
                0x20000004        0x1 ./Core/Src/main.o
                0x20000004                startAndstopCarStatus
 .data.startAndStopEnabled
                0x20000005        0x1 ./Core/Src/main.o
                0x20000005                startAndStopEnabled
 .data.disableStartAndStopMsgData
                0x20000006        0x8 ./Core/Src/main.o
                0x20000006                disableStartAndStopMsgData
 *fill*         0x2000000e        0x2 
 .data.disableStartAndStopMsgHeader
                0x20000010       0x18 ./Core/Src/main.o
                0x20000010                disableStartAndStopMsgHeader
 .data.dashboardBlinkMsgData
                0x20000028        0x8 ./Core/Src/main.o
                0x20000028                dashboardBlinkMsgData
 .data.dashboardBlinkMsgHeader
                0x20000030       0x18 ./Core/Src/main.o
                0x20000030                dashboardBlinkMsgHeader
 .data.panicAlarmStartMsgData
                0x20000048       0x28 ./Core/Src/main.o
                0x20000048                panicAlarmStartMsgData
 .data.panicAlarmStartMsgHeader
                0x20000070       0x78 ./Core/Src/main.o
                0x20000070                panicAlarmStartMsgHeader
 .data.immobilizerEnabled
                0x200000e8        0x1 ./Core/Src/main.o
                0x200000e8                immobilizerEnabled
 *fill*         0x200000e9        0x3 
 .data.SystemCoreClock
                0x200000ec        0x4 ./Core/Src/system_stm32f0xx.o
                0x200000ec                SystemCoreClock
 .data.xxBusId  0x200000f0        0x1 ./Core/Src/uart.o
                0x200000f0                xxBusId
 .data.uwTickFreq
                0x200000f1        0x1 ./Drivers/STM32F0xx_HAL_Driver/Src/stm32f0xx_hal.o
                0x200000f1                uwTickFreq
 *fill*         0x200000f2        0x2 
 .data.uwTickPrio
                0x200000f4        0x4 ./Drivers/STM32F0xx_HAL_Driver/Src/stm32f0xx_hal.o
                0x200000f4                uwTickPrio
 *(.RamFunc)
 *(.RamFunc*)
                0x200000f8                        . = ALIGN (0x4)
                0x200000f8                        _edata = .

.igot.plt       0x200000f8        0x0 load address 0x08003854
 .igot.plt      0x200000f8        0x0 C:/ST/STM32CubeIDE_1.15.1/STM32CubeIDE/plugins/com.st.stm32cube.ide.mcu.externaltools.gnu-tools-for-stm32.12.3.rel1.win32_1.0.100.202403111256/tools/bin/../lib/gcc/arm-none-eabi/12.3.1/thumb/v6-m/nofp/crtbegin.o
                0x200000f8                        . = ALIGN (0x4)

.bss            0x200000f8      0x7b8 load address 0x08003854
                0x200000f8                        _sbss = .
                0x200000f8                        __bss_start__ = _sbss
 *(.bss)
 .bss           0x200000f8       0x1c C:/ST/STM32CubeIDE_1.15.1/STM32CubeIDE/plugins/com.st.stm32cube.ide.mcu.externaltools.gnu-tools-for-stm32.12.3.rel1.win32_1.0.100.202403111256/tools/bin/../lib/gcc/arm-none-eabi/12.3.1/thumb/v6-m/nofp/crtbegin.o
 *(.bss*)
 .bss.txqueue   0x20000114      0x384 ./Core/Src/can.o
                0x20000114                txqueue
 .bss.bus_state
                0x20000498        0x1 ./Core/Src/can.o
 *fill*         0x20000499        0x3 
 .bss.prescaler
                0x2000049c        0x4 ./Core/Src/can.o
 .bss.can_handle
                0x200004a0       0x28 ./Core/Src/can.o
 .bss.err_time  0x200004c8       0x18 ./Core/Src/error.o
 .bss.err_reg   0x200004e0        0x4 ./Core/Src/error.o
 .bss.rx_msg_data
                0x200004e4        0x8 ./Core/Src/main.o
                0x200004e4                rx_msg_data
 .bss.rx_msg_header
                0x200004ec       0x1c ./Core/Src/main.o
                0x200004ec                rx_msg_header
 .bss.currentGear
                0x20000508        0x1 ./Core/Src/main.o
                0x20000508                currentGear
 *fill*         0x20000509        0x3 
 .bss.currentRpmSpeed
                0x2000050c        0x4 ./Core/Src/main.o
                0x2000050c                currentRpmSpeed
 .bss.huart2    0x20000510       0x70 ./Core/Src/main.o
                0x20000510                huart2
 .bss.debugTimer0
                0x20000580        0x4 ./Core/Src/main.o
                0x20000580                debugTimer0
 .bss.lastPressedSpeedUpWheelButtonDuration
                0x20000584        0x4 ./Core/Src/main.o
                0x20000584                lastPressedSpeedUpWheelButtonDuration
 .bss.ACC_engaged
                0x20000588        0x1 ./Core/Src/main.o
                0x20000588                ACC_engaged
 *fill*         0x20000589        0x3 
 .bss.lastTimeStartAndstopDisablerButtonPressed
                0x2000058c        0x4 ./Core/Src/main.o
                0x2000058c                lastTimeStartAndstopDisablerButtonPressed
 .bss.executeDashboardBlinks
                0x20000590        0x1 ./Core/Src/main.o
                0x20000590                executeDashboardBlinks
 *fill*         0x20000591        0x3 
 .bss.floodTheBusLastTimeSent
                0x20000594        0x4 ./Core/Src/main.o
                0x20000594                floodTheBusLastTimeSent
 .bss.floodTheBusStartTime
                0x20000598        0x4 ./Core/Src/main.o
                0x20000598                floodTheBusStartTime
 .bss.floodTheBus
                0x2000059c        0x1 ./Core/Src/main.o
                0x2000059c                floodTheBus
 *fill*         0x2000059d        0x3 
 .bss.last_sent_dashboard_blink_msg_time
                0x200005a0        0x4 ./Core/Src/main.o
                0x200005a0                last_sent_dashboard_blink_msg_time
 .bss.panicAlarmActivated
                0x200005a4        0x1 ./Core/Src/main.o
                0x200005a4                panicAlarmActivated
 *fill*         0x200005a5        0x3 
 .bss.led_red_lastoff
                0x200005a8        0x4 ./Core/Src/onboardLed.o
 .bss.led_blue_lastoff
                0x200005ac        0x4 ./Core/Src/onboardLed.o
 .bss.led_red_laston
                0x200005b0        0x4 ./Core/Src/onboardLed.o
 .bss.led_blue_laston
                0x200005b4        0x4 ./Core/Src/onboardLed.o
 .bss.syncObtained
                0x200005b8        0x1 ./Core/Src/uart.o
                0x200005b8                syncObtained
 .bss.rxBuffer  0x200005b9       0x13 ./Core/Src/uart.o
                0x200005b9                rxBuffer
 .bss.hdma_tim1_ch4_trig_com
                0x200005cc       0x44 ./Core/Src/vuMeter.o
                0x200005cc                hdma_tim1_ch4_trig_com
 .bss.uwTick    0x20000610        0x4 ./Drivers/STM32F0xx_HAL_Driver/Src/stm32f0xx_hal.o
                0x20000610                uwTick
 *fill*         0x20000614        0x4 
 .bss.pFlash    0x20000618       0x20 ./Drivers/STM32F0xx_HAL_Driver/Src/stm32f0xx_hal_flash.o
                0x20000618                pFlash
 .bss.cfgidx.0  0x20000638        0x1 ./Middlewares/ST/STM32_USB_Device_Library/Core/Src/usbd_ctlreq.o
 *fill*         0x20000639        0x3 
 .bss.hpcd_USB_FS
                0x2000063c      0x274 ./USB_DEVICE/Target/usbd_conf.o
                0x2000063c                hpcd_USB_FS
 *(COMMON)
                0x200008b0                        . = ALIGN (0x4)
                0x200008b0                        _ebss = .
                0x200008b0                        __bss_end__ = _ebss

._user_heap_stack
                0x200008b0      0x600 load address 0x08003854
                0x200008b0                        . = ALIGN (0x8)
                [!provide]                        PROVIDE (end = .)
                0x200008b0                        PROVIDE (_end = .)
                0x20000ab0                        . = (. + _Min_Heap_Size)
 *fill*         0x200008b0      0x200 
                0x20000eb0                        . = (. + _Min_Stack_Size)
 *fill*         0x20000ab0      0x400 
                0x20000eb0                        . = ALIGN (0x8)

/DISCARD/
 libc.a(*)
 libm.a(*)
 libgcc.a(*)

.ARM.attributes
                0x00000000       0x28
 *(.ARM.attributes)
 .ARM.attributes
                0x00000000       0x1e C:/ST/STM32CubeIDE_1.15.1/STM32CubeIDE/plugins/com.st.stm32cube.ide.mcu.externaltools.gnu-tools-for-stm32.12.3.rel1.win32_1.0.100.202403111256/tools/bin/../lib/gcc/arm-none-eabi/12.3.1/thumb/v6-m/nofp/crti.o
 .ARM.attributes
                0x0000001e       0x2c C:/ST/STM32CubeIDE_1.15.1/STM32CubeIDE/plugins/com.st.stm32cube.ide.mcu.externaltools.gnu-tools-for-stm32.12.3.rel1.win32_1.0.100.202403111256/tools/bin/../lib/gcc/arm-none-eabi/12.3.1/thumb/v6-m/nofp/crtbegin.o
 .ARM.attributes
                0x0000004a       0x2c ./Core/Src/can.o
 .ARM.attributes
                0x00000076       0x2c ./Core/Src/error.o
 .ARM.attributes
                0x000000a2       0x2c ./Core/Src/main.o
 .ARM.attributes
                0x000000ce       0x2c ./Core/Src/onboardLed.o
 .ARM.attributes
                0x000000fa       0x2c ./Core/Src/stm32f0xx_hal_msp.o
 .ARM.attributes
                0x00000126       0x2c ./Core/Src/stm32f0xx_it.o
 .ARM.attributes
                0x00000152       0x2c ./Core/Src/system_stm32f0xx.o
 .ARM.attributes
                0x0000017e       0x2c ./Core/Src/uart.o
 .ARM.attributes
                0x000001aa       0x2c ./Core/Src/vuMeter.o
 .ARM.attributes
                0x000001d6       0x21 ./Core/Startup/startup_stm32f072c8tx.o
 .ARM.attributes
                0x000001f7       0x2c ./Drivers/STM32F0xx_HAL_Driver/Src/stm32f0xx_hal.o
 .ARM.attributes
                0x00000223       0x2c ./Drivers/STM32F0xx_HAL_Driver/Src/stm32f0xx_hal_can.o
 .ARM.attributes
                0x0000024f       0x2c ./Drivers/STM32F0xx_HAL_Driver/Src/stm32f0xx_hal_cortex.o
 .ARM.attributes
                0x0000027b       0x2c ./Drivers/STM32F0xx_HAL_Driver/Src/stm32f0xx_hal_dma.o
 .ARM.attributes
                0x000002a7       0x2c ./Drivers/STM32F0xx_HAL_Driver/Src/stm32f0xx_hal_flash.o
 .ARM.attributes
                0x000002d3       0x2c ./Drivers/STM32F0xx_HAL_Driver/Src/stm32f0xx_hal_flash_ex.o
 .ARM.attributes
                0x000002ff       0x2c ./Drivers/STM32F0xx_HAL_Driver/Src/stm32f0xx_hal_gpio.o
 .ARM.attributes
                0x0000032b       0x2c ./Drivers/STM32F0xx_HAL_Driver/Src/stm32f0xx_hal_pcd.o
 .ARM.attributes
                0x00000357       0x2c ./Drivers/STM32F0xx_HAL_Driver/Src/stm32f0xx_hal_pcd_ex.o
 .ARM.attributes
                0x00000383       0x2c ./Drivers/STM32F0xx_HAL_Driver/Src/stm32f0xx_hal_rcc.o
 .ARM.attributes
                0x000003af       0x2c ./Drivers/STM32F0xx_HAL_Driver/Src/stm32f0xx_hal_rcc_ex.o
 .ARM.attributes
                0x000003db       0x2c ./Drivers/STM32F0xx_HAL_Driver/Src/stm32f0xx_hal_uart.o
 .ARM.attributes
                0x00000407       0x2c ./Drivers/STM32F0xx_HAL_Driver/Src/stm32f0xx_hal_uart_ex.o
 .ARM.attributes
                0x00000433       0x2c ./Drivers/STM32F0xx_HAL_Driver/Src/stm32f0xx_ll_usb.o
 .ARM.attributes
                0x0000045f       0x2c ./Middlewares/ST/STM32_USB_Device_Library/Core/Src/usbd_core.o
 .ARM.attributes
                0x0000048b       0x2c ./Middlewares/ST/STM32_USB_Device_Library/Core/Src/usbd_ctlreq.o
 .ARM.attributes
                0x000004b7       0x2c ./Middlewares/ST/STM32_USB_Device_Library/Core/Src/usbd_ioreq.o
 .ARM.attributes
                0x000004e3       0x2c ./USB_DEVICE/Target/usbd_conf.o
 .ARM.attributes
                0x0000050f       0x2c C:/ST/STM32CubeIDE_1.15.1/STM32CubeIDE/plugins/com.st.stm32cube.ide.mcu.externaltools.gnu-tools-for-stm32.12.3.rel1.win32_1.0.100.202403111256/tools/bin/../lib/gcc/arm-none-eabi/12.3.1/../../../../arm-none-eabi/lib/thumb/v6-m/nofp\libc_nano.a(libc_a-memset.o)
 .ARM.attributes
                0x0000053b       0x2c C:/ST/STM32CubeIDE_1.15.1/STM32CubeIDE/plugins/com.st.stm32cube.ide.mcu.externaltools.gnu-tools-for-stm32.12.3.rel1.win32_1.0.100.202403111256/tools/bin/../lib/gcc/arm-none-eabi/12.3.1/../../../../arm-none-eabi/lib/thumb/v6-m/nofp\libc_nano.a(libc_a-init.o)
 .ARM.attributes
                0x00000567       0x2c C:/ST/STM32CubeIDE_1.15.1/STM32CubeIDE/plugins/com.st.stm32cube.ide.mcu.externaltools.gnu-tools-for-stm32.12.3.rel1.win32_1.0.100.202403111256/tools/bin/../lib/gcc/arm-none-eabi/12.3.1/../../../../arm-none-eabi/lib/thumb/v6-m/nofp\libc_nano.a(libc_a-memcpy-stub.o)
 .ARM.attributes
                0x00000593       0x1e C:/ST/STM32CubeIDE_1.15.1/STM32CubeIDE/plugins/com.st.stm32cube.ide.mcu.externaltools.gnu-tools-for-stm32.12.3.rel1.win32_1.0.100.202403111256/tools/bin/../lib/gcc/arm-none-eabi/12.3.1/thumb/v6-m/nofp\libgcc.a(_thumb1_case_uqi.o)
 .ARM.attributes
                0x000005b1       0x1e C:/ST/STM32CubeIDE_1.15.1/STM32CubeIDE/plugins/com.st.stm32cube.ide.mcu.externaltools.gnu-tools-for-stm32.12.3.rel1.win32_1.0.100.202403111256/tools/bin/../lib/gcc/arm-none-eabi/12.3.1/thumb/v6-m/nofp\libgcc.a(_thumb1_case_uhi.o)
 .ARM.attributes
                0x000005cf       0x1e C:/ST/STM32CubeIDE_1.15.1/STM32CubeIDE/plugins/com.st.stm32cube.ide.mcu.externaltools.gnu-tools-for-stm32.12.3.rel1.win32_1.0.100.202403111256/tools/bin/../lib/gcc/arm-none-eabi/12.3.1/thumb/v6-m/nofp\libgcc.a(_udivsi3.o)
 .ARM.attributes
                0x000005ed       0x1e C:/ST/STM32CubeIDE_1.15.1/STM32CubeIDE/plugins/com.st.stm32cube.ide.mcu.externaltools.gnu-tools-for-stm32.12.3.rel1.win32_1.0.100.202403111256/tools/bin/../lib/gcc/arm-none-eabi/12.3.1/thumb/v6-m/nofp\libgcc.a(_divsi3.o)
 .ARM.attributes
                0x0000060b       0x1e C:/ST/STM32CubeIDE_1.15.1/STM32CubeIDE/plugins/com.st.stm32cube.ide.mcu.externaltools.gnu-tools-for-stm32.12.3.rel1.win32_1.0.100.202403111256/tools/bin/../lib/gcc/arm-none-eabi/12.3.1/thumb/v6-m/nofp\libgcc.a(_dvmd_tls.o)
 .ARM.attributes
                0x00000629       0x1e C:/ST/STM32CubeIDE_1.15.1/STM32CubeIDE/plugins/com.st.stm32cube.ide.mcu.externaltools.gnu-tools-for-stm32.12.3.rel1.win32_1.0.100.202403111256/tools/bin/../lib/gcc/arm-none-eabi/12.3.1/thumb/v6-m/nofp\libgcc.a(_lshrdi3.o)
 .ARM.attributes
                0x00000647       0x1e C:/ST/STM32CubeIDE_1.15.1/STM32CubeIDE/plugins/com.st.stm32cube.ide.mcu.externaltools.gnu-tools-for-stm32.12.3.rel1.win32_1.0.100.202403111256/tools/bin/../lib/gcc/arm-none-eabi/12.3.1/thumb/v6-m/nofp/crtn.o
OUTPUT(baccable.elf elf32-littlearm)
LOAD linker stubs
LOAD C:/ST/STM32CubeIDE_1.15.1/STM32CubeIDE/plugins/com.st.stm32cube.ide.mcu.externaltools.gnu-tools-for-stm32.12.3.rel1.win32_1.0.100.202403111256/tools/bin/../lib/gcc/arm-none-eabi/12.3.1/../../../../arm-none-eabi/lib/thumb/v6-m/nofp\libc.a
LOAD C:/ST/STM32CubeIDE_1.15.1/STM32CubeIDE/plugins/com.st.stm32cube.ide.mcu.externaltools.gnu-tools-for-stm32.12.3.rel1.win32_1.0.100.202403111256/tools/bin/../lib/gcc/arm-none-eabi/12.3.1/../../../../arm-none-eabi/lib/thumb/v6-m/nofp\libm.a
LOAD C:/ST/STM32CubeIDE_1.15.1/STM32CubeIDE/plugins/com.st.stm32cube.ide.mcu.externaltools.gnu-tools-for-stm32.12.3.rel1.win32_1.0.100.202403111256/tools/bin/../lib/gcc/arm-none-eabi/12.3.1/thumb/v6-m/nofp\libgcc.a

.comment        0x00000000       0x86
 .comment       0x00000000       0x43 ./Core/Src/can.o
                                 0x44 (size before relaxing)
 .comment       0x00000043       0x43 ./Core/Src/error.o
                                 0x44 (size before relaxing)
 .comment       0x00000086       0x44 ./Core/Src/main.o
 .comment       0x00000086       0x44 ./Core/Src/onboardLed.o
 .comment       0x00000086       0x44 ./Core/Src/stm32f0xx_hal_msp.o
 .comment       0x00000086       0x44 ./Core/Src/stm32f0xx_it.o
 .comment       0x00000086       0x44 ./Core/Src/system_stm32f0xx.o
 .comment       0x00000086       0x44 ./Core/Src/uart.o
 .comment       0x00000086       0x44 ./Core/Src/vuMeter.o
 .comment       0x00000086       0x44 ./Drivers/STM32F0xx_HAL_Driver/Src/stm32f0xx_hal.o
 .comment       0x00000086       0x44 ./Drivers/STM32F0xx_HAL_Driver/Src/stm32f0xx_hal_can.o
 .comment       0x00000086       0x44 ./Drivers/STM32F0xx_HAL_Driver/Src/stm32f0xx_hal_cortex.o
 .comment       0x00000086       0x44 ./Drivers/STM32F0xx_HAL_Driver/Src/stm32f0xx_hal_dma.o
 .comment       0x00000086       0x44 ./Drivers/STM32F0xx_HAL_Driver/Src/stm32f0xx_hal_flash.o
 .comment       0x00000086       0x44 ./Drivers/STM32F0xx_HAL_Driver/Src/stm32f0xx_hal_flash_ex.o
 .comment       0x00000086       0x44 ./Drivers/STM32F0xx_HAL_Driver/Src/stm32f0xx_hal_gpio.o
 .comment       0x00000086       0x44 ./Drivers/STM32F0xx_HAL_Driver/Src/stm32f0xx_hal_pcd.o
 .comment       0x00000086       0x44 ./Drivers/STM32F0xx_HAL_Driver/Src/stm32f0xx_hal_pcd_ex.o
 .comment       0x00000086       0x44 ./Drivers/STM32F0xx_HAL_Driver/Src/stm32f0xx_hal_rcc.o
 .comment       0x00000086       0x44 ./Drivers/STM32F0xx_HAL_Driver/Src/stm32f0xx_hal_rcc_ex.o
 .comment       0x00000086       0x44 ./Drivers/STM32F0xx_HAL_Driver/Src/stm32f0xx_hal_uart.o
 .comment       0x00000086       0x44 ./Drivers/STM32F0xx_HAL_Driver/Src/stm32f0xx_hal_uart_ex.o
 .comment       0x00000086       0x44 ./Drivers/STM32F0xx_HAL_Driver/Src/stm32f0xx_ll_usb.o
 .comment       0x00000086       0x44 ./Middlewares/ST/STM32_USB_Device_Library/Core/Src/usbd_core.o
 .comment       0x00000086       0x44 ./Middlewares/ST/STM32_USB_Device_Library/Core/Src/usbd_ctlreq.o
 .comment       0x00000086       0x44 ./Middlewares/ST/STM32_USB_Device_Library/Core/Src/usbd_ioreq.o
 .comment       0x00000086       0x44 ./USB_DEVICE/Target/usbd_conf.o

.debug_frame    0x00000000       0xb4
 .debug_frame   0x00000000       0x20 C:/ST/STM32CubeIDE_1.15.1/STM32CubeIDE/plugins/com.st.stm32cube.ide.mcu.externaltools.gnu-tools-for-stm32.12.3.rel1.win32_1.0.100.202403111256/tools/bin/../lib/gcc/arm-none-eabi/12.3.1/../../../../arm-none-eabi/lib/thumb/v6-m/nofp\libc_nano.a(libc_a-memset.o)
 .debug_frame   0x00000020       0x2c C:/ST/STM32CubeIDE_1.15.1/STM32CubeIDE/plugins/com.st.stm32cube.ide.mcu.externaltools.gnu-tools-for-stm32.12.3.rel1.win32_1.0.100.202403111256/tools/bin/../lib/gcc/arm-none-eabi/12.3.1/../../../../arm-none-eabi/lib/thumb/v6-m/nofp\libc_nano.a(libc_a-init.o)
 .debug_frame   0x0000004c       0x28 C:/ST/STM32CubeIDE_1.15.1/STM32CubeIDE/plugins/com.st.stm32cube.ide.mcu.externaltools.gnu-tools-for-stm32.12.3.rel1.win32_1.0.100.202403111256/tools/bin/../lib/gcc/arm-none-eabi/12.3.1/../../../../arm-none-eabi/lib/thumb/v6-m/nofp\libc_nano.a(libc_a-memcpy-stub.o)
 .debug_frame   0x00000074       0x20 C:/ST/STM32CubeIDE_1.15.1/STM32CubeIDE/plugins/com.st.stm32cube.ide.mcu.externaltools.gnu-tools-for-stm32.12.3.rel1.win32_1.0.100.202403111256/tools/bin/../lib/gcc/arm-none-eabi/12.3.1/thumb/v6-m/nofp\libgcc.a(_udivsi3.o)
 .debug_frame   0x00000094       0x20 C:/ST/STM32CubeIDE_1.15.1/STM32CubeIDE/plugins/com.st.stm32cube.ide.mcu.externaltools.gnu-tools-for-stm32.12.3.rel1.win32_1.0.100.202403111256/tools/bin/../lib/gcc/arm-none-eabi/12.3.1/thumb/v6-m/nofp\libgcc.a(_divsi3.o)
