Archive member included to satisfy reference by file (symbol)

C:/ST/STM32CubeIDE_1.17.0/STM32CubeIDE/plugins/com.st.stm32cube.ide.mcu.externaltools.gnu-tools-for-stm32.12.3.rel1.win32_1.1.0.202410251130/tools/bin/../lib/gcc/arm-none-eabi/12.3.1/../../../../arm-none-eabi/lib/thumb/v6-m/nofp\libc_nano.a(libc_a-exit.o)
                              C:/ST/STM32CubeIDE_1.17.0/STM32CubeIDE/plugins/com.st.stm32cube.ide.mcu.externaltools.gnu-tools-for-stm32.12.3.rel1.win32_1.1.0.202410251130/tools/bin/../lib/gcc/arm-none-eabi/12.3.1/../../../../arm-none-eabi/lib/thumb/v6-m/nofp/crt0.o (exit)
C:/ST/STM32CubeIDE_1.17.0/STM32CubeIDE/plugins/com.st.stm32cube.ide.mcu.externaltools.gnu-tools-for-stm32.12.3.rel1.win32_1.1.0.202410251130/tools/bin/../lib/gcc/arm-none-eabi/12.3.1/../../../../arm-none-eabi/lib/thumb/v6-m/nofp\libc_nano.a(libc_a-rand.o)
                              ./Core/Src/vuMeter.o (rand)
C:/ST/STM32CubeIDE_1.17.0/STM32CubeIDE/plugins/com.st.stm32cube.ide.mcu.externaltools.gnu-tools-for-stm32.12.3.rel1.win32_1.1.0.202410251130/tools/bin/../lib/gcc/arm-none-eabi/12.3.1/../../../../arm-none-eabi/lib/thumb/v6-m/nofp\libc_nano.a(libc_a-findfp.o)
                              C:/ST/STM32CubeIDE_1.17.0/STM32CubeIDE/plugins/com.st.stm32cube.ide.mcu.externaltools.gnu-tools-for-stm32.12.3.rel1.win32_1.1.0.202410251130/tools/bin/../lib/gcc/arm-none-eabi/12.3.1/../../../../arm-none-eabi/lib/thumb/v6-m/nofp\libc_nano.a(libc_a-exit.o) (__stdio_exit_handler)
C:/ST/STM32CubeIDE_1.17.0/STM32CubeIDE/plugins/com.st.stm32cube.ide.mcu.externaltools.gnu-tools-for-stm32.12.3.rel1.win32_1.1.0.202410251130/tools/bin/../lib/gcc/arm-none-eabi/12.3.1/../../../../arm-none-eabi/lib/thumb/v6-m/nofp\libc_nano.a(libc_a-fwalk.o)
                              C:/ST/STM32CubeIDE_1.17.0/STM32CubeIDE/plugins/com.st.stm32cube.ide.mcu.externaltools.gnu-tools-for-stm32.12.3.rel1.win32_1.1.0.202410251130/tools/bin/../lib/gcc/arm-none-eabi/12.3.1/../../../../arm-none-eabi/lib/thumb/v6-m/nofp\libc_nano.a(libc_a-findfp.o) (_fwalk_sglue)
C:/ST/STM32CubeIDE_1.17.0/STM32CubeIDE/plugins/com.st.stm32cube.ide.mcu.externaltools.gnu-tools-for-stm32.12.3.rel1.win32_1.1.0.202410251130/tools/bin/../lib/gcc/arm-none-eabi/12.3.1/../../../../arm-none-eabi/lib/thumb/v6-m/nofp\libc_nano.a(libc_a-stdio.o)
                              C:/ST/STM32CubeIDE_1.17.0/STM32CubeIDE/plugins/com.st.stm32cube.ide.mcu.externaltools.gnu-tools-for-stm32.12.3.rel1.win32_1.1.0.202410251130/tools/bin/../lib/gcc/arm-none-eabi/12.3.1/../../../../arm-none-eabi/lib/thumb/v6-m/nofp\libc_nano.a(libc_a-findfp.o) (__sread)
C:/ST/STM32CubeIDE_1.17.0/STM32CubeIDE/plugins/com.st.stm32cube.ide.mcu.externaltools.gnu-tools-for-stm32.12.3.rel1.win32_1.1.0.202410251130/tools/bin/../lib/gcc/arm-none-eabi/12.3.1/../../../../arm-none-eabi/lib/thumb/v6-m/nofp\libc_nano.a(libc_a-memset.o)
                              C:/ST/STM32CubeIDE_1.17.0/STM32CubeIDE/plugins/com.st.stm32cube.ide.mcu.externaltools.gnu-tools-for-stm32.12.3.rel1.win32_1.1.0.202410251130/tools/bin/../lib/gcc/arm-none-eabi/12.3.1/../../../../arm-none-eabi/lib/thumb/v6-m/nofp/crt0.o (memset)
C:/ST/STM32CubeIDE_1.17.0/STM32CubeIDE/plugins/com.st.stm32cube.ide.mcu.externaltools.gnu-tools-for-stm32.12.3.rel1.win32_1.1.0.202410251130/tools/bin/../lib/gcc/arm-none-eabi/12.3.1/../../../../arm-none-eabi/lib/thumb/v6-m/nofp\libc_nano.a(libc_a-closer.o)
                              C:/ST/STM32CubeIDE_1.17.0/STM32CubeIDE/plugins/com.st.stm32cube.ide.mcu.externaltools.gnu-tools-for-stm32.12.3.rel1.win32_1.1.0.202410251130/tools/bin/../lib/gcc/arm-none-eabi/12.3.1/../../../../arm-none-eabi/lib/thumb/v6-m/nofp\libc_nano.a(libc_a-stdio.o) (_close_r)
C:/ST/STM32CubeIDE_1.17.0/STM32CubeIDE/plugins/com.st.stm32cube.ide.mcu.externaltools.gnu-tools-for-stm32.12.3.rel1.win32_1.1.0.202410251130/tools/bin/../lib/gcc/arm-none-eabi/12.3.1/../../../../arm-none-eabi/lib/thumb/v6-m/nofp\libc_nano.a(libc_a-reent.o)
                              C:/ST/STM32CubeIDE_1.17.0/STM32CubeIDE/plugins/com.st.stm32cube.ide.mcu.externaltools.gnu-tools-for-stm32.12.3.rel1.win32_1.1.0.202410251130/tools/bin/../lib/gcc/arm-none-eabi/12.3.1/../../../../arm-none-eabi/lib/thumb/v6-m/nofp\libc_nano.a(libc_a-closer.o) (errno)
C:/ST/STM32CubeIDE_1.17.0/STM32CubeIDE/plugins/com.st.stm32cube.ide.mcu.externaltools.gnu-tools-for-stm32.12.3.rel1.win32_1.1.0.202410251130/tools/bin/../lib/gcc/arm-none-eabi/12.3.1/../../../../arm-none-eabi/lib/thumb/v6-m/nofp\libc_nano.a(libc_a-impure.o)
                              C:/ST/STM32CubeIDE_1.17.0/STM32CubeIDE/plugins/com.st.stm32cube.ide.mcu.externaltools.gnu-tools-for-stm32.12.3.rel1.win32_1.1.0.202410251130/tools/bin/../lib/gcc/arm-none-eabi/12.3.1/../../../../arm-none-eabi/lib/thumb/v6-m/nofp\libc_nano.a(libc_a-rand.o) (_impure_ptr)
[...]
Memory Configuration

Name             Origin             Length             Attributes
RAM              0x20000000         0x00004000         xrw
FLASH            0x08000000         0x00010000         xr
*default*        0x00000000         0xffffffff

Linker script and memory map

LOAD C:/ST/STM32CubeIDE_1.17.0/STM32CubeIDE/plugins/com.st.stm32cube.ide.mcu.externaltools.gnu-tools-for-stm32.12.3.rel1.win32_1.1.0.202410251130/tools/bin/../lib/gcc/arm-none-eabi/12.3.1/thumb/v6-m/nofp/crti.o
LOAD C:/ST/STM32CubeIDE_1.17.0/STM32CubeIDE/plugins/com.st.stm32cube.ide.mcu.externaltools.gnu-tools-for-stm32.12.3.rel1.win32_1.1.0.202410251130/tools/bin/../lib/gcc/arm-none-eabi/12.3.1/thumb/v6-m/nofp/crtbegin.o
LOAD C:/ST/STM32CubeIDE_1.17.0/STM32CubeIDE/plugins/com.st.stm32cube.ide.mcu.externaltools.gnu-tools-for-stm32.12.3.rel1.win32_1.1.0.202410251130/tools/bin/../lib/gcc/arm-none-eabi/12.3.1/../../../../arm-none-eabi/lib/thumb/v6-m/nofp/crt0.o
LOAD ./Core/Src/can.o
LOAD ./Core/Src/error.o
LOAD ./Core/Src/main.o
LOAD ./Core/Src/onboardLed.o
LOAD ./Core/Src/printf.o
LOAD ./Core/Src/slcan.o
LOAD ./Core/Src/stm32f0xx_hal_msp.o
LOAD ./Core/Src/stm32f0xx_it.o
LOAD ./Core/Src/syscalls.o
LOAD ./Core/Src/sysmem.o
LOAD ./Core/Src/system_stm32f0xx.o
LOAD ./Core/Src/vuMeter.o
LOAD ./Core/Startup/startup_stm32f072c8tx.o
LOAD ./Drivers/STM32F0xx_HAL_Driver/Src/stm32f0xx_hal.o
LOAD ./Drivers/STM32F0xx_HAL_Driver/Src/stm32f0xx_hal_can.o
LOAD ./Drivers/STM32F0xx_HAL_Driver/Src/stm32f0xx_hal_cortex.o
LOAD ./Drivers/STM32F0xx_HAL_Driver/Src/stm32f0xx_hal_dma.o
LOAD ./Drivers/STM32F0xx_HAL_Driver/Src/stm32f0xx_hal_exti.o
LOAD ./Drivers/STM32F0xx_HAL_Driver/Src/stm32f0xx_hal_flash.o
LOAD ./Drivers/STM32F0xx_HAL_Driver/Src/stm32f0xx_hal_flash_ex.o
LOAD ./Drivers/STM32F0xx_HAL_Driver/Src/stm32f0xx_hal_gpio.o
LOAD ./Drivers/STM32F0xx_HAL_Driver/Src/stm32f0xx_hal_i2c.o
LOAD ./Drivers/STM32F0xx_HAL_Driver/Src/stm32f0xx_hal_i2c_ex.o
LOAD ./Drivers/STM32F0xx_HAL_Driver/Src/stm32f0xx_hal_pcd.o
LOAD ./Drivers/STM32F0xx_HAL_Driver/Src/stm32f0xx_hal_pcd_ex.o
LOAD ./Drivers/STM32F0xx_HAL_Driver/Src/stm32f0xx_hal_pwr.o
LOAD ./Drivers/STM32F0xx_HAL_Driver/Src/stm32f0xx_hal_pwr_ex.o
LOAD ./Drivers/STM32F0xx_HAL_Driver/Src/stm32f0xx_hal_rcc.o
LOAD ./Drivers/STM32F0xx_HAL_Driver/Src/stm32f0xx_hal_rcc_ex.o
LOAD ./Drivers/STM32F0xx_HAL_Driver/Src/stm32f0xx_hal_tim.o
LOAD ./Drivers/STM32F0xx_HAL_Driver/Src/stm32f0xx_hal_tim_ex.o
LOAD ./Drivers/STM32F0xx_HAL_Driver/Src/stm32f0xx_ll_usb.o
LOAD ./Middlewares/ST/STM32_USB_Device_Library/Class/CDC/Src/usbd_cdc.o
LOAD ./Middlewares/ST/STM32_USB_Device_Library/Core/Src/usbd_core.o
LOAD ./Middlewares/ST/STM32_USB_Device_Library/Core/Src/usbd_ctlreq.o
LOAD ./Middlewares/ST/STM32_USB_Device_Library/Core/Src/usbd_ioreq.o
LOAD ./USB_DEVICE/App/usb_device.o
LOAD ./USB_DEVICE/App/usbd_cdc_if.o
LOAD ./USB_DEVICE/App/usbd_desc.o
LOAD ./USB_DEVICE/Target/usbd_conf.o
START GROUP
LOAD C:/ST/STM32CubeIDE_1.17.0/STM32CubeIDE/plugins/com.st.stm32cube.ide.mcu.externaltools.gnu-tools-for-stm32.12.3.rel1.win32_1.1.0.202410251130/tools/bin/../lib/gcc/arm-none-eabi/12.3.1/../../../../arm-none-eabi/lib/thumb/v6-m/nofp\libc_nano.a
LOAD C:/ST/STM32CubeIDE_1.17.0/STM32CubeIDE/plugins/com.st.stm32cube.ide.mcu.externaltools.gnu-tools-for-stm32.12.3.rel1.win32_1.1.0.202410251130/tools/bin/../lib/gcc/arm-none-eabi/12.3.1/../../../../arm-none-eabi/lib/thumb/v6-m/nofp\libm.a
END GROUP
START GROUP
LOAD C:/ST/STM32CubeIDE_1.17.0/STM32CubeIDE/plugins/com.st.stm32cube.ide.mcu.externaltools.gnu-tools-for-stm32.12.3.rel1.win32_1.1.0.202410251130/tools/bin/../lib/gcc/arm-none-eabi/12.3.1/thumb/v6-m/nofp\libgcc.a
LOAD C:/ST/STM32CubeIDE_1.17.0/STM32CubeIDE/plugins/com.st.stm32cube.ide.mcu.externaltools.gnu-tools-for-stm32.12.3.rel1.win32_1.1.0.202410251130/tools/bin/../lib/gcc/arm-none-eabi/12.3.1/../../../../arm-none-eabi/lib/thumb/v6-m/nofp\libc_nano.a
END GROUP
START GROUP
LOAD C:/ST/STM32CubeIDE_1.17.0/STM32CubeIDE/plugins/com.st.stm32cube.ide.mcu.externaltools.gnu-tools-for-stm32.12.3.rel1.win32_1.1.0.202410251130/tools/bin/../lib/gcc/arm-none-eabi/12.3.1/thumb/v6-m/nofp\libgcc.a
LOAD C:/ST/STM32CubeIDE_1.17.0/STM32CubeIDE/plugins/com.st.stm32cube.ide.mcu.externaltools.gnu-tools-for-stm32.12.3.rel1.win32_1.1.0.202410251130/tools/bin/../lib/gcc/arm-none-eabi/12.3.1/../../../../arm-none-eabi/lib/thumb/v6-m/nofp\libc_nano.a
LOAD C:/ST/STM32CubeIDE_1.17.0/STM32CubeIDE/plugins/com.st.stm32cube.ide.mcu.externaltools.gnu-tools-for-stm32.12.3.rel1.win32_1.1.0.202410251130/tools/bin/../lib/gcc/arm-none-eabi/12.3.1/../../../../arm-none-eabi/lib/thumb/v6-m/nofp\libnosys.a
END GROUP
START GROUP
LOAD C:/ST/STM32CubeIDE_1.17.0/STM32CubeIDE/plugins/com.st.stm32cube.ide.mcu.externaltools.gnu-tools-for-stm32.12.3.rel1.win32_1.1.0.202410251130/tools/bin/../lib/gcc/arm-none-eabi/12.3.1/thumb/v6-m/nofp\libgcc.a
LOAD C:/ST/STM32CubeIDE_1.17.0/STM32CubeIDE/plugins/com.st.stm32cube.ide.mcu.externaltools.gnu-tools-for-stm32.12.3.rel1.win32_1.1.0.202410251130/tools/bin/../lib/gcc/arm-none-eabi/12.3.1/../../../../arm-none-eabi/lib/thumb/v6-m/nofp\libc_nano.a
LOAD C:/ST/STM32CubeIDE_1.17.0/STM32CubeIDE/plugins/com.st.stm32cube.ide.mcu.externaltools.gnu-tools-for-stm32.12.3.rel1.win32_1.1.0.202410251130/tools/bin/../lib/gcc/arm-none-eabi/12.3.1/../../../../arm-none-eabi/lib/thumb/v6-m/nofp\libnosys.a
END GROUP
LOAD C:/ST/STM32CubeIDE_1.17.0/STM32CubeIDE/plugins/com.st.stm32cube.ide.mcu.externaltools.gnu-tools-for-stm32.12.3.rel1.win32_1.1.0.202410251130/tools/bin/../lib/gcc/arm-none-eabi/12.3.1/thumb/v6-m/nofp/crtend.o
LOAD C:/ST/STM32CubeIDE_1.17.0/STM32CubeIDE/plugins/com.st.stm32cube.ide.mcu.externaltools.gnu-tools-for-stm32.12.3.rel1.win32_1.1.0.202410251130/tools/bin/../lib/gcc/arm-none-eabi/12.3.1/thumb/v6-m/nofp/crtn.o
                0x20004000                        _estack = (ORIGIN (RAM) + LENGTH (RAM))
                0x00000200                        _Min_Heap_Size = 0x200
                0x00000400                        _Min_Stack_Size = 0x400

.isr_vector     0x08000000       0xc0
                0x08000000                        . = ALIGN (0x4)
 *(.isr_vector)
 .isr_vector    0x08000000       0xc0 ./Core/Startup/startup_stm32f072c8tx.o
                0x08000000                g_pfnVectors
                0x080000c0                        . = ALIGN (0x4)

.text           0x080000c0     0x6a0c
                0x080000c0                        . = ALIGN (0x4)
 *(.text)
 .text          0x080000c0       0x48 C:/ST/STM32CubeIDE_1.17.0/STM32CubeIDE/plugins/com.st.stm32cube.ide.mcu.externaltools.gnu-tools-for-stm32.12.3.rel1.win32_1.1.0.202410251130/tools/bin/../lib/gcc/arm-none-eabi/12.3.1/thumb/v6-m/nofp/crtbegin.o
 .text          0x08000108        0xe C:/ST/STM32CubeIDE_1.17.0/STM32CubeIDE/plugins/com.st.stm32cube.ide.mcu.externaltools.gnu-tools-for-stm32.12.3.rel1.win32_1.1.0.202410251130/tools/bin/../lib/gcc/arm-none-eabi/12.3.1/../../../../arm-none-eabi/lib/thumb/v6-m/nofp\libc_nano.a(libc_a-strlen.o)
                0x08000108                strlen
 *fill*         0x08000116        0x2 
 .text          0x08000118       0x14 C:/ST/STM32CubeIDE_1.17.0/STM32CubeIDE/plugins/com.st.stm32cube.ide.mcu.externaltools.gnu-tools-for-stm32.12.3.rel1.win32_1.1.0.202410251130/tools/bin/../lib/gcc/arm-none-eabi/12.3.1/thumb/v6-m/nofp\libgcc.a(_thumb1_case_uqi.o)
                0x08000118                __gnu_thumb1_case_uqi
 .text          0x0800012c       0x14 C:/ST/STM32CubeIDE_1.17.0/STM32CubeIDE/plugins/com.st.stm32cube.ide.mcu.externaltools.gnu-tools-for-stm32.12.3.rel1.win32_1.1.0.202410251130/tools/bin/../lib/gcc/arm-none-eabi/12.3.1/thumb/v6-m/nofp\libgcc.a(_thumb1_case_shi.o)
                0x0800012c                __gnu_thumb1_case_shi
 .text          0x08000140       0x14 C:/ST/STM32CubeIDE_1.17.0/STM32CubeIDE/plugins/com.st.stm32cube.ide.mcu.externaltools.gnu-tools-for-stm32.12.3.rel1.win32_1.1.0.202410251130/tools/bin/../lib/gcc/arm-none-eabi/12.3.1/thumb/v6-m/nofp\libgcc.a(_thumb1_case_uhi.o)
                0x08000140                __gnu_thumb1_case_uhi
 .text          0x08000154      0x114 C:/ST/STM32CubeIDE_1.17.0/STM32CubeIDE/plugins/com.st.stm32cube.ide.mcu.externaltools.gnu-tools-for-stm32.12.3.rel1.win32_1.1.0.202410251130/tools/bin/../lib/gcc/arm-none-eabi/12.3.1/thumb/v6-m/nofp\libgcc.a(_udivsi3.o)
                0x08000154                __aeabi_uidiv
                0x08000154                __udivsi3
                0x08000260                __aeabi_uidivmod
 .text          0x08000268      0x1d4 C:/ST/STM32CubeIDE_1.17.0/STM32CubeIDE/plugins/com.st.stm32cube.ide.mcu.externaltools.gnu-tools-for-stm32.12.3.rel1.win32_1.1.0.202410251130/tools/bin/../lib/gcc/arm-none-eabi/12.3.1/thumb/v6-m/nofp\libgcc.a(_divsi3.o)
                0x08000268                __divsi3
                0x08000268                __aeabi_idiv
                0x08000434                __aeabi_idivmod
 .text          0x0800043c        0x4 C:/ST/STM32CubeIDE_1.17.0/STM32CubeIDE/plugins/com.st.stm32cube.ide.mcu.externaltools.gnu-tools-for-stm32.12.3.rel1.win32_1.1.0.202410251130/tools/bin/../lib/gcc/arm-none-eabi/12.3.1/thumb/v6-m/nofp\libgcc.a(_dvmd_tls.o)
                0x0800043c                __aeabi_idiv0
                0x0800043c                __aeabi_ldiv0
 .text          0x08000440       0x7c C:/ST/STM32CubeIDE_1.17.0/STM32CubeIDE/plugins/com.st.stm32cube.ide.mcu.externaltools.gnu-tools-for-stm32.12.3.rel1.win32_1.1.0.202410251130/tools/bin/../lib/gcc/arm-none-eabi/12.3.1/thumb/v6-m/nofp\libgcc.a(_arm_cmpdf2.o)
                0x08000440                __aeabi_cdrcmple
                0x08000450                __aeabi_cdcmple
                0x08000450                __aeabi_cdcmpeq
                0x08000460                __aeabi_dcmpeq
                0x0800046c                __aeabi_dcmplt
                0x08000480                __aeabi_dcmple
                0x08000494                __aeabi_dcmpgt
                0x080004a8                __aeabi_dcmpge
 .text          0x080004bc       0x40 C:/ST/STM32CubeIDE_1.17.0/STM32CubeIDE/plugins/com.st.stm32cube.ide.mcu.externaltools.gnu-tools-for-stm32.12.3.rel1.win32_1.1.0.202410251130/tools/bin/../lib/gcc/arm-none-eabi/12.3.1/thumb/v6-m/nofp\libgcc.a(_aeabi_uldivmod.o)
                0x080004bc                __aeabi_uldivmod
 .text          0x080004fc       0x3c C:/ST/STM32CubeIDE_1.17.0/STM32CubeIDE/plugins/com.st.stm32cube.ide.mcu.externaltools.gnu-tools-for-stm32.12.3.rel1.win32_1.1.0.202410251130/tools/bin/../lib/gcc/arm-none-eabi/12.3.1/thumb/v6-m/nofp\libgcc.a(_fixunsdfsi.o)
                0x080004fc                __aeabi_d2uiz
                0x080004fc                __fixunsdfsi
 .text          0x08000538      0x198 C:/ST/STM32CubeIDE_1.17.0/STM32CubeIDE/plugins/com.st.stm32cube.ide.mcu.externaltools.gnu-tools-for-stm32.12.3.rel1.win32_1.1.0.202410251130/tools/bin/../lib/gcc/arm-none-eabi/12.3.1/thumb/v6-m/nofp\libgcc.a(_udivmoddi4.o)
                0x08000538                __udivmoddi4
 .text          0x080006d0      0x6c8 C:/ST/STM32CubeIDE_1.17.0/STM32CubeIDE/plugins/com.st.stm32cube.ide.mcu.externaltools.gnu-tools-for-stm32.12.3.rel1.win32_1.1.0.202410251130/tools/bin/../lib/gcc/arm-none-eabi/12.3.1/thumb/v6-m/nofp\libgcc.a(adddf3.o)
                0x080006d0                __aeabi_dadd
 .text          0x08000d98      0x634 C:/ST/STM32CubeIDE_1.17.0/STM32CubeIDE/plugins/com.st.stm32cube.ide.mcu.externaltools.gnu-tools-for-stm32.12.3.rel1.win32_1.1.0.202410251130/tools/bin/../lib/gcc/arm-none-eabi/12.3.1/thumb/v6-m/nofp\libgcc.a(divdf3.o)
                0x08000d98                __aeabi_ddiv
 .text          0x080013cc       0x88 C:/ST/STM32CubeIDE_1.17.0/STM32CubeIDE/plugins/com.st.stm32cube.ide.mcu.externaltools.gnu-tools-for-stm32.12.3.rel1.win32_1.1.0.202410251130/tools/bin/../lib/gcc/arm-none-eabi/12.3.1/thumb/v6-m/nofp\libgcc.a(eqdf2.o)
                0x080013cc                __nedf2
                0x080013cc                __eqdf2
 .text          0x08001454       0xe8 C:/ST/STM32CubeIDE_1.17.0/STM32CubeIDE/plugins/com.st.stm32cube.ide.mcu.externaltools.gnu-tools-for-stm32.12.3.rel1.win32_1.1.0.202410251130/tools/bin/../lib/gcc/arm-none-eabi/12.3.1/thumb/v6-m/nofp\libgcc.a(gedf2.o)
                0x08001454                __gedf2
                0x08001454                __gtdf2
 .text          0x0800153c       0xe4 C:/ST/STM32CubeIDE_1.17.0/STM32CubeIDE/plugins/com.st.stm32cube.ide.mcu.externaltools.gnu-tools-for-stm32.12.3.rel1.win32_1.1.0.202410251130/tools/bin/../lib/gcc/arm-none-eabi/12.3.1/thumb/v6-m/nofp\libgcc.a(ledf2.o)
                0x0800153c                __ledf2
                0x0800153c                __ltdf2
 .text          0x08001620      0x590 C:/ST/STM32CubeIDE_1.17.0/STM32CubeIDE/plugins/com.st.stm32cube.ide.mcu.externaltools.gnu-tools-for-stm32.12.3.rel1.win32_1.1.0.202410251130/tools/bin/../lib/gcc/arm-none-eabi/12.3.1/thumb/v6-m/nofp\libgcc.a(muldf3.o)
                0x08001620                __aeabi_dmul
 .text          0x08001bb0      0x738 C:/ST/STM32CubeIDE_1.17.0/STM32CubeIDE/plugins/com.st.stm32cube.ide.mcu.externaltools.gnu-tools-for-stm32.12.3.rel1.win32_1.1.0.202410251130/tools/bin/../lib/gcc/arm-none-eabi/12.3.1/thumb/v6-m/nofp\libgcc.a(subdf3.o)
                0x08001bb0                __aeabi_dsub
 .text          0x080022e8       0x78 C:/ST/STM32CubeIDE_1.17.0/STM32CubeIDE/plugins/com.st.stm32cube.ide.mcu.externaltools.gnu-tools-for-stm32.12.3.rel1.win32_1.1.0.202410251130/tools/bin/../lib/gcc/arm-none-eabi/12.3.1/thumb/v6-m/nofp\libgcc.a(fixdfsi.o)
                0x080022e8                __aeabi_d2iz
 .text          0x08002360       0x5c C:/ST/STM32CubeIDE_1.17.0/STM32CubeIDE/plugins/com.st.stm32cube.ide.mcu.externaltools.gnu-tools-for-stm32.12.3.rel1.win32_1.1.0.202410251130/tools/bin/../lib/gcc/arm-none-eabi/12.3.1/thumb/v6-m/nofp\libgcc.a(floatsidf.o)
                0x08002360                __aeabi_i2d
 .text          0x080023bc       0x48 C:/ST/STM32CubeIDE_1.17.0/STM32CubeIDE/plugins/com.st.stm32cube.ide.mcu.externaltools.gnu-tools-for-stm32.12.3.rel1.win32_1.1.0.202410251130/tools/bin/../lib/gcc/arm-none-eabi/12.3.1/thumb/v6-m/nofp\libgcc.a(floatunsidf.o)
                0x080023bc                __aeabi_ui2d
 .text          0x08002404       0x3c C:/ST/STM32CubeIDE_1.17.0/STM32CubeIDE/plugins/com.st.stm32cube.ide.mcu.externaltools.gnu-tools-for-stm32.12.3.rel1.win32_1.1.0.202410251130/tools/bin/../lib/gcc/arm-none-eabi/12.3.1/thumb/v6-m/nofp\libgcc.a(_clzsi2.o)
                0x08002404                __clzsi2
 .text          0x08002440       0x18 C:/ST/STM32CubeIDE_1.17.0/STM32CubeIDE/plugins/com.st.stm32cube.ide.mcu.externaltools.gnu-tools-for-stm32.12.3.rel1.win32_1.1.0.202410251130/tools/bin/../lib/gcc/arm-none-eabi/12.3.1/thumb/v6-m/nofp\libgcc.a(_clzdi2.o)
                0x08002440                __clzdi2
 *(.text*)
 .text.can_init
                0x08002458       0x84 ./Core/Src/can.o
                0x08002458                can_init
 .text.can_enable
                0x080024dc       0x80 ./Core/Src/can.o
                0x080024dc                can_enable
 .text.can_disable
                0x0800255c       0x2c ./Core/Src/can.o
                0x0800255c                can_disable
 .text.can_set_bitrate
                0x08002588       0x50 ./Core/Src/can.o
                0x08002588                can_set_bitrate
 .text.can_set_silent
                0x080025d8       0x24 ./Core/Src/can.o
                0x080025d8                can_set_silent
 .text.can_set_autoretransmit
                0x080025fc       0x20 ./Core/Src/can.o
                0x080025fc                can_set_autoretransmit
 .text.can_tx   0x0800261c       0x6c ./Core/Src/can.o
                0x0800261c                can_tx
 .text.can_process
                0x08002688       0x60 ./Core/Src/can.o
                0x08002688                can_process
 .text.can_rx   0x080026e8       0x18 ./Core/Src/can.o
                0x080026e8                can_rx
 .text.is_can_msg_pending
                0x08002700       0x24 ./Core/Src/can.o
                0x08002700                is_can_msg_pending
 .text.error_assert
                0x08002724       0x28 ./Core/Src/error.o
                0x08002724                error_assert
 .text.error_reg
                0x0800274c        0xc ./Core/Src/error.o
                0x0800274c                error_reg
 .text.SystemClock_Config
                0x08002758       0x84 ./Core/Src/main.o
                0x08002758                SystemClock_Config
 .text.startup.main
                0x080027dc      0x1f0 ./Core/Src/main.o
                0x080027dc                main
 .text.Error_Handler
                0x080029cc        0x4 ./Core/Src/main.o
                0x080029cc                Error_Handler
 .text.system_irq_disable
                0x080029d0        0xc ./Core/Src/main.o
                0x080029d0                system_irq_disable
 .text.system_irq_enable
                0x080029dc        0x4 ./Core/Src/main.o
                0x080029dc                system_irq_enable
 .text.onboardLed_red_on
                0x080029e0       0x34 ./Core/Src/onboardLed.o
                0x080029e0                onboardLed_red_on
 .text.onboardLed_red_off
                0x08002a14       0x10 ./Core/Src/onboardLed.o
                0x08002a14                onboardLed_red_off
 .text.onboardLed_blue_on
                0x08002a24       0x34 ./Core/Src/onboardLed.o
                0x08002a24                onboardLed_blue_on
 .text.onboardLed_blue_off
                0x08002a58       0x10 ./Core/Src/onboardLed.o
                0x08002a58                onboardLed_blue_off
 .text.onboardLed_init
                0x08002a68       0x58 ./Core/Src/onboardLed.o
                0x08002a68                onboardLed_init
 .text.onboardLed_process
                0x08002ac0       0x6c ./Core/Src/onboardLed.o
                0x08002ac0                onboardLed_process
 .text._out_buffer
                0x08002b2c        0x8 ./Core/Src/printf.o
 .text._out_null
                0x08002b34        0x2 ./Core/Src/printf.o
 .text._out_rev
                0x08002b36       0x7a ./Core/Src/printf.o
 .text._ntoa_format
                0x08002bb0       0xf4 ./Core/Src/printf.o
 .text._ntoa_long
                0x08002ca4       0x90 ./Core/Src/printf.o
 .text._ntoa_long_long
                0x08002d34       0xbc ./Core/Src/printf.o
 .text._etoa    0x08002df0      0x3bc ./Core/Src/printf.o
 .text._ftoa    0x080031ac      0x31c ./Core/Src/printf.o
 .text._vsnprintf
                0x080034c8      0x52c ./Core/Src/printf.o
 .text.snprintf_
                0x080039f4       0x28 ./Core/Src/printf.o
                0x080039f4                snprintf_
 .text.slcan_parse_frame
                0x08003a1c       0xa8 ./Core/Src/slcan.o
                0x08003a1c                slcan_parse_frame
 .text.slcan_parse_str
                0x08003ac4      0x174 ./Core/Src/slcan.o
                0x08003ac4                slcan_parse_str
 .text.HAL_MspInit
                0x08003c38       0x30 ./Core/Src/stm32f0xx_hal_msp.o
                0x08003c38                HAL_MspInit
 .text.NMI_Handler
                0x08003c68        0x2 ./Core/Src/stm32f0xx_it.o
                0x08003c68                NMI_Handler
 .text.HardFault_Handler
                0x08003c6a        0x2 ./Core/Src/stm32f0xx_it.o
                0x08003c6a                HardFault_Handler
 .text.SVC_Handler
                0x08003c6c        0x2 ./Core/Src/stm32f0xx_it.o
                0x08003c6c                SVC_Handler
 .text.PendSV_Handler
                0x08003c6e        0x2 ./Core/Src/stm32f0xx_it.o
                0x08003c6e                PendSV_Handler
 .text.SysTick_Handler
                0x08003c70        0x8 ./Core/Src/stm32f0xx_it.o
                0x08003c70                SysTick_Handler
 .text.DMA1_Channel4_5_6_7_IRQHandler
                0x08003c78       0x10 ./Core/Src/stm32f0xx_it.o
                0x08003c78                DMA1_Channel4_5_6_7_IRQHandler
 .text.USB_IRQHandler
                0x08003c88       0x10 ./Core/Src/stm32f0xx_it.o
                0x08003c88                USB_IRQHandler
 .text.SystemInit
                0x08003c98        0x2 ./Core/Src/system_stm32f0xx.o
                0x08003c98                SystemInit
 *fill*         0x08003c9a        0x2 
 .text.Reset_Handler
                0x08003c9c       0x50 ./Core/Startup/startup_stm32f072c8tx.o
                0x08003c9c                Reset_Handler
 .text.Default_Handler
                0x08003cec        0x2 ./Core/Startup/startup_stm32f072c8tx.o
                0x08003cec                TIM1_CC_IRQHandler
                0x08003cec                TSC_IRQHandler
                0x08003cec                ADC1_COMP_IRQHandler
                0x08003cec                I2C1_IRQHandler
                0x08003cec                RCC_CRS_IRQHandler
                0x08003cec                SPI1_IRQHandler
                0x08003cec                TIM6_DAC_IRQHandler
                0x08003cec                USART3_4_IRQHandler
                0x08003cec                EXTI2_3_IRQHandler
                0x08003cec                I2C2_IRQHandler
                0x08003cec                TIM17_IRQHandler
                0x08003cec                CEC_CAN_IRQHandler
                0x08003cec                RTC_IRQHandler
                0x08003cec                PVD_VDDIO2_IRQHandler
                0x08003cec                TIM16_IRQHandler
                0x08003cec                TIM3_IRQHandler
                0x08003cec                EXTI4_15_IRQHandler
                0x08003cec                DMA1_Channel1_IRQHandler
                0x08003cec                Default_Handler
                0x08003cec                TIM14_IRQHandler
                0x08003cec                TIM7_IRQHandler
                0x08003cec                TIM15_IRQHandler
                0x08003cec                EXTI0_1_IRQHandler
                0x08003cec                SPI2_IRQHandler
                0x08003cec                WWDG_IRQHandler
                0x08003cec                TIM2_IRQHandler
                0x08003cec                DMA1_Channel2_3_IRQHandler
                0x08003cec                USART2_IRQHandler
                0x08003cec                FLASH_IRQHandler
                0x08003cec                USART1_IRQHandler
                0x08003cec                TIM1_BRK_UP_TRG_COM_IRQHandler
 *fill*         0x08003cee        0x2 
 .text.HAL_InitTick
                0x08003cf0       0x48 ./Drivers/STM32F0xx_HAL_Driver/Src/stm32f0xx_hal.o
                0x08003cf0                HAL_InitTick
 .text.HAL_Init
                0x08003d38       0x20 ./Drivers/STM32F0xx_HAL_Driver/Src/stm32f0xx_hal.o
                0x08003d38                HAL_Init
 .text.HAL_IncTick
                0x08003d58       0x18 ./Drivers/STM32F0xx_HAL_Driver/Src/stm32f0xx_hal.o
                0x08003d58                HAL_IncTick
 .text.HAL_GetTick
                0x08003d70        0xc ./Drivers/STM32F0xx_HAL_Driver/Src/stm32f0xx_hal.o
                0x08003d70                HAL_GetTick
 .text.HAL_CAN_MspInit
                0x08003d7c        0x2 ./Drivers/STM32F0xx_HAL_Driver/Src/stm32f0xx_hal_can.o
                0x08003d7c                HAL_CAN_MspInit
 .text.HAL_CAN_Init
                0x08003d7e      0x10c ./Drivers/STM32F0xx_HAL_Driver/Src/stm32f0xx_hal_can.o
                0x08003d7e                HAL_CAN_Init
 .text.HAL_CAN_ConfigFilter
                0x08003e8a       0xe6 ./Drivers/STM32F0xx_HAL_Driver/Src/stm32f0xx_hal_can.o
                0x08003e8a                HAL_CAN_ConfigFilter
 .text.HAL_CAN_Start
                0x08003f70       0x58 ./Drivers/STM32F0xx_HAL_Driver/Src/stm32f0xx_hal_can.o
                0x08003f70                HAL_CAN_Start
 .text.HAL_CAN_AddTxMessage
                0x08003fc8       0xc6 ./Drivers/STM32F0xx_HAL_Driver/Src/stm32f0xx_hal_can.o
                0x08003fc8                HAL_CAN_AddTxMessage
 .text.HAL_CAN_GetTxMailboxesFreeLevel
                0x0800408e       0x28 ./Drivers/STM32F0xx_HAL_Driver/Src/stm32f0xx_hal_can.o
                0x0800408e                HAL_CAN_GetTxMailboxesFreeLevel
 .text.HAL_CAN_GetRxMessage
                0x080040b6      0x106 ./Drivers/STM32F0xx_HAL_Driver/Src/stm32f0xx_hal_can.o
                0x080040b6                HAL_CAN_GetRxMessage
 .text.HAL_CAN_GetRxFifoFillLevel
                0x080041bc       0x20 ./Drivers/STM32F0xx_HAL_Driver/Src/stm32f0xx_hal_can.o
                0x080041bc                HAL_CAN_GetRxFifoFillLevel
 .text.HAL_NVIC_SetPriority
                0x080041dc       0x54 ./Drivers/STM32F0xx_HAL_Driver/Src/stm32f0xx_hal_cortex.o
                0x080041dc                HAL_NVIC_SetPriority
 .text.HAL_NVIC_EnableIRQ
                0x08004230       0x18 ./Drivers/STM32F0xx_HAL_Driver/Src/stm32f0xx_hal_cortex.o
                0x08004230                HAL_NVIC_EnableIRQ
 .text.HAL_SYSTICK_Config
                0x08004248       0x34 ./Drivers/STM32F0xx_HAL_Driver/Src/stm32f0xx_hal_cortex.o
                0x08004248                HAL_SYSTICK_Config
 .text.HAL_DMA_IRQHandler
                0x0800427c       0x92 ./Drivers/STM32F0xx_HAL_Driver/Src/stm32f0xx_hal_dma.o
                0x0800427c                HAL_DMA_IRQHandler
 *fill*         0x0800430e        0x2 
 .text.HAL_GPIO_Init
                0x08004310      0x17c ./Drivers/STM32F0xx_HAL_Driver/Src/stm32f0xx_hal_gpio.o
                0x08004310                HAL_GPIO_Init
 .text.HAL_GPIO_WritePin
                0x0800448c        0xc ./Drivers/STM32F0xx_HAL_Driver/Src/stm32f0xx_hal_gpio.o
                0x0800448c                HAL_GPIO_WritePin
 .text.HAL_PCD_Init
                0x08004498       0xc4 ./Drivers/STM32F0xx_HAL_Driver/Src/stm32f0xx_hal_pcd.o
                0x08004498                HAL_PCD_Init
 .text.HAL_PCD_Start
                0x0800455c       0x26 ./Drivers/STM32F0xx_HAL_Driver/Src/stm32f0xx_hal_pcd.o
                0x0800455c                HAL_PCD_Start
 .text.HAL_PCD_SetAddress
                0x08004582       0x24 ./Drivers/STM32F0xx_HAL_Driver/Src/stm32f0xx_hal_pcd.o
                0x08004582                HAL_PCD_SetAddress
 .text.HAL_PCD_EP_Open
                0x080045a6       0x5e ./Drivers/STM32F0xx_HAL_Driver/Src/stm32f0xx_hal_pcd.o
                0x080045a6                HAL_PCD_EP_Open
 .text.HAL_PCD_EP_Close
                0x08004604       0x4a ./Drivers/STM32F0xx_HAL_Driver/Src/stm32f0xx_hal_pcd.o
                0x08004604                HAL_PCD_EP_Close
 .text.HAL_PCD_EP_Receive
                0x0800464e       0x34 ./Drivers/STM32F0xx_HAL_Driver/Src/stm32f0xx_hal_pcd.o
                0x0800464e                HAL_PCD_EP_Receive
 .text.HAL_PCD_EP_GetRxCount
                0x08004682        0xe ./Drivers/STM32F0xx_HAL_Driver/Src/stm32f0xx_hal_pcd.o
                0x08004682                HAL_PCD_EP_GetRxCount
 .text.HAL_PCD_EP_Transmit
                0x08004690       0x2c ./Drivers/STM32F0xx_HAL_Driver/Src/stm32f0xx_hal_pcd.o
                0x08004690                HAL_PCD_EP_Transmit
 .text.HAL_PCD_IRQHandler
                0x080046bc      0x4a0 ./Drivers/STM32F0xx_HAL_Driver/Src/stm32f0xx_hal_pcd.o
                0x080046bc                HAL_PCD_IRQHandler
 .text.HAL_PCD_EP_SetStall
                0x08004b5c       0x6a ./Drivers/STM32F0xx_HAL_Driver/Src/stm32f0xx_hal_pcd.o
                0x08004b5c                HAL_PCD_EP_SetStall
 .text.HAL_PCD_EP_ClrStall
                0x08004bc6       0x5a ./Drivers/STM32F0xx_HAL_Driver/Src/stm32f0xx_hal_pcd.o
                0x08004bc6                HAL_PCD_EP_ClrStall
 .text.HAL_PCDEx_PMAConfig
                0x08004c20       0x2e ./Drivers/STM32F0xx_HAL_Driver/Src/stm32f0xx_hal_pcd_ex.o
                0x08004c20                HAL_PCDEx_PMAConfig
 .text.HAL_PCDEx_ActivateLPM
                0x08004c4e       0x28 ./Drivers/STM32F0xx_HAL_Driver/Src/stm32f0xx_hal_pcd_ex.o
                0x08004c4e                HAL_PCDEx_ActivateLPM
 .text.HAL_PCDEx_LPM_Callback
                0x08004c76        0x2 ./Drivers/STM32F0xx_HAL_Driver/Src/stm32f0xx_hal_pcd_ex.o
                0x08004c76                HAL_PCDEx_LPM_Callback
 .text.HAL_RCC_OscConfig
                0x08004c78      0x4a0 ./Drivers/STM32F0xx_HAL_Driver/Src/stm32f0xx_hal_rcc.o
                0x08004c78                HAL_RCC_OscConfig
 .text.HAL_RCC_GetSysClockFreq
                0x08005118       0x6c ./Drivers/STM32F0xx_HAL_Driver/Src/stm32f0xx_hal_rcc.o
                0x08005118                HAL_RCC_GetSysClockFreq
 .text.HAL_RCC_ClockConfig
                0x08005184      0x114 ./Drivers/STM32F0xx_HAL_Driver/Src/stm32f0xx_hal_rcc.o
                0x08005184                HAL_RCC_ClockConfig
 .text.HAL_RCCEx_PeriphCLKConfig
                0x08005298      0x148 ./Drivers/STM32F0xx_HAL_Driver/Src/stm32f0xx_hal_rcc_ex.o
                0x08005298                HAL_RCCEx_PeriphCLKConfig
 .text.USB_EnableGlobalInt
                0x080053e0       0x14 ./Drivers/STM32F0xx_HAL_Driver/Src/stm32f0xx_ll_usb.o
                0x080053e0                USB_EnableGlobalInt
 .text.USB_DisableGlobalInt
                0x080053f4       0x14 ./Drivers/STM32F0xx_HAL_Driver/Src/stm32f0xx_ll_usb.o
                0x080053f4                USB_DisableGlobalInt
 .text.USB_DevInit
                0x08005408       0x34 ./Drivers/STM32F0xx_HAL_Driver/Src/stm32f0xx_ll_usb.o
                0x08005408                USB_DevInit
 .text.USB_ActivateEndpoint
                0x0800543c      0x21c ./Drivers/STM32F0xx_HAL_Driver/Src/stm32f0xx_ll_usb.o
                0x0800543c                USB_ActivateEndpoint
 .text.USB_DeactivateEndpoint
                0x08005658       0xf4 ./Drivers/STM32F0xx_HAL_Driver/Src/stm32f0xx_ll_usb.o
                0x08005658                USB_DeactivateEndpoint
 .text.USB_EPSetStall
                0x0800574c       0x40 ./Drivers/STM32F0xx_HAL_Driver/Src/stm32f0xx_ll_usb.o
                0x0800574c                USB_EPSetStall
 .text.USB_EPClearStall
                0x0800578c       0x74 ./Drivers/STM32F0xx_HAL_Driver/Src/stm32f0xx_ll_usb.o
                0x0800578c                USB_EPClearStall
 .text.USB_SetDevAddress
                0x08005800        0xe ./Drivers/STM32F0xx_HAL_Driver/Src/stm32f0xx_ll_usb.o
                0x08005800                USB_SetDevAddress
 .text.USB_DevConnect
                0x0800580e       0x10 ./Drivers/STM32F0xx_HAL_Driver/Src/stm32f0xx_ll_usb.o
                0x0800580e                USB_DevConnect
 .text.USB_ReadInterrupts
                0x0800581e        0x8 ./Drivers/STM32F0xx_HAL_Driver/Src/stm32f0xx_ll_usb.o
                0x0800581e                USB_ReadInterrupts
 .text.USB_EP0_OutStart
                0x08005826        0x4 ./Drivers/STM32F0xx_HAL_Driver/Src/stm32f0xx_ll_usb.o
                0x08005826                USB_EP0_OutStart
 .text.USB_WritePMA
                0x0800582a       0x2a ./Drivers/STM32F0xx_HAL_Driver/Src/stm32f0xx_ll_usb.o
                0x0800582a                USB_WritePMA
 .text.USB_EPStartXfer
                0x08005854      0x1b4 ./Drivers/STM32F0xx_HAL_Driver/Src/stm32f0xx_ll_usb.o
                0x08005854                USB_EPStartXfer
 .text.USB_ReadPMA
                0x08005a08       0x36 ./Drivers/STM32F0xx_HAL_Driver/Src/stm32f0xx_ll_usb.o
                0x08005a08                USB_ReadPMA
 *fill*         0x08005a3e        0x2 
 .text.USBD_CDC_EP0_RxReady
                0x08005a40       0x34 ./Middlewares/ST/STM32_USB_Device_Library/Class/CDC/Src/usbd_cdc.o
 .text.USBD_CDC_GetFSCfgDesc
                0x08005a74        0xc ./Middlewares/ST/STM32_USB_Device_Library/Class/CDC/Src/usbd_cdc.o
 .text.USBD_CDC_GetHSCfgDesc
                0x08005a80        0xc ./Middlewares/ST/STM32_USB_Device_Library/Class/CDC/Src/usbd_cdc.o
 .text.USBD_CDC_GetOtherSpeedCfgDesc
                0x08005a8c        0xc ./Middlewares/ST/STM32_USB_Device_Library/Class/CDC/Src/usbd_cdc.o
 .text.USBD_CDC_GetDeviceQualifierDescriptor
                0x08005a98        0xc ./Middlewares/ST/STM32_USB_Device_Library/Class/CDC/Src/usbd_cdc.o
                0x08005a98                USBD_CDC_GetDeviceQualifierDescriptor
 .text.USBD_CDC_DataOut
                0x08005aa4       0x34 ./Middlewares/ST/STM32_USB_Device_Library/Class/CDC/Src/usbd_cdc.o
 .text.USBD_CDC_DataIn
                0x08005ad8       0x4a ./Middlewares/ST/STM32_USB_Device_Library/Class/CDC/Src/usbd_cdc.o
 *fill*         0x08005b22        0x2 
 .text.USBD_CDC_Setup
                0x08005b24       0xbc ./Middlewares/ST/STM32_USB_Device_Library/Class/CDC/Src/usbd_cdc.o
 .text.USBD_CDC_DeInit
                0x08005be0       0x46 ./Middlewares/ST/STM32_USB_Device_Library/Class/CDC/Src/usbd_cdc.o
 .text.USBD_CDC_Init
                0x08005c26       0x96 ./Middlewares/ST/STM32_USB_Device_Library/Class/CDC/Src/usbd_cdc.o
 .text.USBD_CDC_RegisterInterface
                0x08005cbc       0x12 ./Middlewares/ST/STM32_USB_Device_Library/Class/CDC/Src/usbd_cdc.o
                0x08005cbc                USBD_CDC_RegisterInterface
 .text.USBD_CDC_SetTxBuffer
                0x08005cce       0x16 ./Middlewares/ST/STM32_USB_Device_Library/Class/CDC/Src/usbd_cdc.o
                0x08005cce                USBD_CDC_SetTxBuffer
 .text.USBD_CDC_SetRxBuffer
                0x08005ce4        0xe ./Middlewares/ST/STM32_USB_Device_Library/Class/CDC/Src/usbd_cdc.o
                0x08005ce4                USBD_CDC_SetRxBuffer
 .text.USBD_CDC_TransmitPacket
                0x08005cf2       0x38 ./Middlewares/ST/STM32_USB_Device_Library/Class/CDC/Src/usbd_cdc.o
                0x08005cf2                USBD_CDC_TransmitPacket
 .text.USBD_CDC_ReceivePacket
                0x08005d2a       0x2e ./Middlewares/ST/STM32_USB_Device_Library/Class/CDC/Src/usbd_cdc.o
                0x08005d2a                USBD_CDC_ReceivePacket
 .text.USBD_Init
                0x08005d58       0x34 ./Middlewares/ST/STM32_USB_Device_Library/Core/Src/usbd_core.o
                0x08005d58                USBD_Init
 .text.USBD_RegisterClass
                0x08005d8c       0x12 ./Middlewares/ST/STM32_USB_Device_Library/Core/Src/usbd_core.o
                0x08005d8c                USBD_RegisterClass
 .text.USBD_Start
                0x08005d9e        0xa ./Middlewares/ST/STM32_USB_Device_Library/Core/Src/usbd_core.o
                0x08005d9e                USBD_Start
 .text.USBD_SetClassConfig
                0x08005da8       0x1c ./Middlewares/ST/STM32_USB_Device_Library/Core/Src/usbd_core.o
                0x08005da8                USBD_SetClassConfig
 .text.USBD_ClrClassConfig
                0x08005dc4       0x10 ./Middlewares/ST/STM32_USB_Device_Library/Core/Src/usbd_core.o
                0x08005dc4                USBD_ClrClassConfig
 .text.USBD_LL_SetupStage
                0x08005dd4       0x64 ./Middlewares/ST/STM32_USB_Device_Library/Core/Src/usbd_core.o
                0x08005dd4                USBD_LL_SetupStage
 .text.USBD_LL_DataOutStage
                0x08005e38       0x86 ./Middlewares/ST/STM32_USB_Device_Library/Core/Src/usbd_core.o
                0x08005e38                USBD_LL_DataOutStage
 .text.USBD_LL_DataInStage
                0x08005ebe       0xc8 ./Middlewares/ST/STM32_USB_Device_Library/Core/Src/usbd_core.o
                0x08005ebe                USBD_LL_DataInStage
 .text.USBD_LL_Reset
                0x08005f86       0x54 ./Middlewares/ST/STM32_USB_Device_Library/Core/Src/usbd_core.o
                0x08005f86                USBD_LL_Reset
 .text.USBD_LL_SetSpeed
                0x08005fda        0x6 ./Middlewares/ST/STM32_USB_Device_Library/Core/Src/usbd_core.o
                0x08005fda                USBD_LL_SetSpeed
 .text.USBD_LL_Suspend
                0x08005fe0       0x18 ./Middlewares/ST/STM32_USB_Device_Library/Core/Src/usbd_core.o
                0x08005fe0                USBD_LL_Suspend
 .text.USBD_LL_Resume
                0x08005ff8       0x18 ./Middlewares/ST/STM32_USB_Device_Library/Core/Src/usbd_core.o
                0x08005ff8                USBD_LL_Resume
 .text.USBD_LL_SOF
                0x08006010       0x1e ./Middlewares/ST/STM32_USB_Device_Library/Core/Src/usbd_core.o
                0x08006010                USBD_LL_SOF
 .text.USBD_CtlError.constprop.0
                0x0800602e       0x14 ./Middlewares/ST/STM32_USB_Device_Library/Core/Src/usbd_ctlreq.o
 *fill*         0x08006042        0x2 
 .text.USBD_StdDevReq
                0x08006044      0x26c ./Middlewares/ST/STM32_USB_Device_Library/Core/Src/usbd_ctlreq.o
                0x08006044                USBD_StdDevReq
 .text.USBD_StdItfReq
                0x080062b0       0x50 ./Middlewares/ST/STM32_USB_Device_Library/Core/Src/usbd_ctlreq.o
                0x080062b0                USBD_StdItfReq
 .text.USBD_StdEPReq
                0x08006300      0x124 ./Middlewares/ST/STM32_USB_Device_Library/Core/Src/usbd_ctlreq.o
                0x08006300                USBD_StdEPReq
 .text.USBD_ParseSetupRequest
                0x08006424       0x28 ./Middlewares/ST/STM32_USB_Device_Library/Core/Src/usbd_ctlreq.o
                0x08006424                USBD_ParseSetupRequest
 .text.USBD_CtlError
                0x0800644c       0x14 ./Middlewares/ST/STM32_USB_Device_Library/Core/Src/usbd_ctlreq.o
                0x0800644c                USBD_CtlError
 .text.USBD_GetString
                0x08006460       0x3a ./Middlewares/ST/STM32_USB_Device_Library/Core/Src/usbd_ctlreq.o
                0x08006460                USBD_GetString
 .text.USBD_CtlSendData
                0x0800649a       0x1c ./Middlewares/ST/STM32_USB_Device_Library/Core/Src/usbd_ioreq.o
                0x0800649a                USBD_CtlSendData
 .text.USBD_CtlContinueSendData
                0x080064b6       0x10 ./Middlewares/ST/STM32_USB_Device_Library/Core/Src/usbd_ioreq.o
                0x080064b6                USBD_CtlContinueSendData
 .text.USBD_CtlPrepareRx
                0x080064c6       0x20 ./Middlewares/ST/STM32_USB_Device_Library/Core/Src/usbd_ioreq.o
                0x080064c6                USBD_CtlPrepareRx
 .text.USBD_CtlContinueRx
                0x080064e6       0x10 ./Middlewares/ST/STM32_USB_Device_Library/Core/Src/usbd_ioreq.o
                0x080064e6                USBD_CtlContinueRx
 .text.USBD_CtlSendStatus
                0x080064f6       0x18 ./Middlewares/ST/STM32_USB_Device_Library/Core/Src/usbd_ioreq.o
                0x080064f6                USBD_CtlSendStatus
 .text.USBD_CtlReceiveStatus
                0x0800650e       0x18 ./Middlewares/ST/STM32_USB_Device_Library/Core/Src/usbd_ioreq.o
                0x0800650e                USBD_CtlReceiveStatus
 *fill*         0x08006526        0x2 
 .text.MX_USB_DEVICE_Init
                0x08006528       0x58 ./USB_DEVICE/App/usb_device.o
                0x08006528                MX_USB_DEVICE_Init
 .text.CDC_DeInit_FS
                0x08006580        0x4 ./USB_DEVICE/App/usbd_cdc_if.o
 .text.CDC_Init_FS
                0x08006584       0x30 ./USB_DEVICE/App/usbd_cdc_if.o
 .text.CDC_Control_FS
                0x080065b4       0x1e ./USB_DEVICE/App/usbd_cdc_if.o
 *fill*         0x080065d2        0x2 
 .text.CDC_Receive_FS
                0x080065d4       0x68 ./USB_DEVICE/App/usbd_cdc_if.o
 .text.cdc_process
                0x0800663c       0x74 ./USB_DEVICE/App/usbd_cdc_if.o
                0x0800663c                cdc_process
 .text.CDC_Transmit_FS
                0x080066b0       0x60 ./USB_DEVICE/App/usbd_cdc_if.o
                0x080066b0                CDC_Transmit_FS
 .text.USBD_FS_DeviceDescriptor
                0x08006710        0xc ./USB_DEVICE/App/usbd_desc.o
                0x08006710                USBD_FS_DeviceDescriptor
 .text.USBD_FS_LangIDStrDescriptor
                0x0800671c        0xc ./USB_DEVICE/App/usbd_desc.o
                0x0800671c                USBD_FS_LangIDStrDescriptor
 .text.IntToUnicode
                0x08006728       0x26 ./USB_DEVICE/App/usbd_desc.o
 *fill*         0x0800674e        0x2 
 .text.USBD_FS_SerialStrDescriptor
                0x08006750       0x48 ./USB_DEVICE/App/usbd_desc.o
                0x08006750                USBD_FS_SerialStrDescriptor
 .text.USBD_FS_ManufacturerStrDescriptor
                0x08006798       0x1c ./USB_DEVICE/App/usbd_desc.o
                0x08006798                USBD_FS_ManufacturerStrDescriptor
 .text.USBD_FS_ProductStrDescriptor
                0x080067b4       0x1c ./USB_DEVICE/App/usbd_desc.o
                0x080067b4                USBD_FS_ProductStrDescriptor
 .text.USBD_FS_ConfigStrDescriptor
                0x080067d0       0x1c ./USB_DEVICE/App/usbd_desc.o
                0x080067d0                USBD_FS_ConfigStrDescriptor
 .text.USBD_FS_InterfaceStrDescriptor
                0x080067ec       0x1c ./USB_DEVICE/App/usbd_desc.o
                0x080067ec                USBD_FS_InterfaceStrDescriptor
 .text.USBD_Get_USB_Status
                0x08006808        0xe ./USB_DEVICE/Target/usbd_conf.o
 *fill*         0x08006816        0x2 
 .text.HAL_PCD_MspInit
                0x08006818       0x38 ./USB_DEVICE/Target/usbd_conf.o
                0x08006818                HAL_PCD_MspInit
 .text.HAL_PCD_SetupStageCallback
                0x08006850       0x12 ./USB_DEVICE/Target/usbd_conf.o
                0x08006850                HAL_PCD_SetupStageCallback
 .text.HAL_PCD_DataOutStageCallback
                0x08006862       0x16 ./USB_DEVICE/Target/usbd_conf.o
                0x08006862                HAL_PCD_DataOutStageCallback
 .text.HAL_PCD_DataInStageCallback
                0x08006878       0x14 ./USB_DEVICE/Target/usbd_conf.o
                0x08006878                HAL_PCD_DataInStageCallback
 .text.HAL_PCD_SOFCallback
                0x0800688c        0xe ./USB_DEVICE/Target/usbd_conf.o
                0x0800688c                HAL_PCD_SOFCallback
 .text.HAL_PCD_ResetCallback
                0x0800689a       0x22 ./USB_DEVICE/Target/usbd_conf.o
                0x0800689a                HAL_PCD_ResetCallback
 .text.HAL_PCD_SuspendCallback
                0x080068bc       0x24 ./USB_DEVICE/Target/usbd_conf.o
                0x080068bc                HAL_PCD_SuspendCallback
 .text.HAL_PCD_ResumeCallback
                0x080068e0       0x28 ./USB_DEVICE/Target/usbd_conf.o
                0x080068e0                HAL_PCD_ResumeCallback
 .text.USBD_LL_Init
                0x08006908       0x80 ./USB_DEVICE/Target/usbd_conf.o
                0x08006908                USBD_LL_Init
 .text.USBD_LL_Start
                0x08006988       0x12 ./USB_DEVICE/Target/usbd_conf.o
                0x08006988                USBD_LL_Start
 .text.USBD_LL_OpenEP
                0x0800699a       0x18 ./USB_DEVICE/Target/usbd_conf.o
                0x0800699a                USBD_LL_OpenEP
 .text.USBD_LL_CloseEP
                0x080069b2       0x12 ./USB_DEVICE/Target/usbd_conf.o
                0x080069b2                USBD_LL_CloseEP
 .text.USBD_LL_StallEP
                0x080069c4       0x12 ./USB_DEVICE/Target/usbd_conf.o
                0x080069c4                USBD_LL_StallEP
 .text.USBD_LL_ClearStallEP
                0x080069d6       0x12 ./USB_DEVICE/Target/usbd_conf.o
                0x080069d6                USBD_LL_ClearStallEP
 .text.USBD_LL_IsStallEP
                0x080069e8       0x24 ./USB_DEVICE/Target/usbd_conf.o
                0x080069e8                USBD_LL_IsStallEP
 .text.USBD_LL_SetUSBAddress
                0x08006a0c       0x12 ./USB_DEVICE/Target/usbd_conf.o
                0x08006a0c                USBD_LL_SetUSBAddress
 .text.USBD_LL_Transmit
                0x08006a1e       0x12 ./USB_DEVICE/Target/usbd_conf.o
                0x08006a1e                USBD_LL_Transmit
 .text.USBD_LL_PrepareReceive
                0x08006a30       0x12 ./USB_DEVICE/Target/usbd_conf.o
                0x08006a30                USBD_LL_PrepareReceive
 .text.USBD_LL_GetRxDataSize
                0x08006a42        0xe ./USB_DEVICE/Target/usbd_conf.o
                0x08006a42                USBD_LL_GetRxDataSize
 .text.USBD_static_malloc
                0x08006a50        0x8 ./USB_DEVICE/Target/usbd_conf.o
                0x08006a50                USBD_static_malloc
 .text.USBD_static_free
                0x08006a58        0x2 ./USB_DEVICE/Target/usbd_conf.o
                0x08006a58                USBD_static_free
 .text.memset   0x08006a5a       0x10 C:/ST/STM32CubeIDE_1.17.0/STM32CubeIDE/plugins/com.st.stm32cube.ide.mcu.externaltools.gnu-tools-for-stm32.12.3.rel1.win32_1.1.0.202410251130/tools/bin/../lib/gcc/arm-none-eabi/12.3.1/../../../../arm-none-eabi/lib/thumb/v6-m/nofp\libc_nano.a(libc_a-memset.o)
                0x08006a5a                memset
 *fill*         0x08006a6a        0x2 
 .text.__libc_init_array
                0x08006a6c       0x48 C:/ST/STM32CubeIDE_1.17.0/STM32CubeIDE/plugins/com.st.stm32cube.ide.mcu.externaltools.gnu-tools-for-stm32.12.3.rel1.win32_1.1.0.202410251130/tools/bin/../lib/gcc/arm-none-eabi/12.3.1/../../../../arm-none-eabi/lib/thumb/v6-m/nofp\libc_nano.a(libc_a-init.o)
                0x08006a6c                __libc_init_array
 *(.glue_7)
 .glue_7        0x08006ab4        0x0 linker stubs
 *(.glue_7t)
 .glue_7t       0x08006ab4        0x0 linker stubs
 *(.eh_frame)
 .eh_frame      0x08006ab4        0x0 C:/ST/STM32CubeIDE_1.17.0/STM32CubeIDE/plugins/com.st.stm32cube.ide.mcu.externaltools.gnu-tools-for-stm32.12.3.rel1.win32_1.1.0.202410251130/tools/bin/../lib/gcc/arm-none-eabi/12.3.1/thumb/v6-m/nofp/crtbegin.o
 *(.init)
 .init          0x08006ab4        0x4 C:/ST/STM32CubeIDE_1.17.0/STM32CubeIDE/plugins/com.st.stm32cube.ide.mcu.externaltools.gnu-tools-for-stm32.12.3.rel1.win32_1.1.0.202410251130/tools/bin/../lib/gcc/arm-none-eabi/12.3.1/thumb/v6-m/nofp/crti.o
                0x08006ab4                _init
 .init          0x08006ab8        0x8 C:/ST/STM32CubeIDE_1.17.0/STM32CubeIDE/plugins/com.st.stm32cube.ide.mcu.externaltools.gnu-tools-for-stm32.12.3.rel1.win32_1.1.0.202410251130/tools/bin/../lib/gcc/arm-none-eabi/12.3.1/thumb/v6-m/nofp/crtn.o
 *(.fini)
 .fini          0x08006ac0        0x4 C:/ST/STM32CubeIDE_1.17.0/STM32CubeIDE/plugins/com.st.stm32cube.ide.mcu.externaltools.gnu-tools-for-stm32.12.3.rel1.win32_1.1.0.202410251130/tools/bin/../lib/gcc/arm-none-eabi/12.3.1/thumb/v6-m/nofp/crti.o
                0x08006ac0                _fini
 .fini          0x08006ac4        0x8 C:/ST/STM32CubeIDE_1.17.0/STM32CubeIDE/plugins/com.st.stm32cube.ide.mcu.externaltools.gnu-tools-for-stm32.12.3.rel1.win32_1.1.0.202410251130/tools/bin/../lib/gcc/arm-none-eabi/12.3.1/thumb/v6-m/nofp/crtn.o
                0x08006acc                        . = ALIGN (0x4)
                0x08006acc                        _etext = .

.vfp11_veneer   0x08006acc        0x0
 .vfp11_veneer  0x08006acc        0x0 linker stubs

.v4_bx          0x08006acc        0x0
 .v4_bx         0x08006acc        0x0 linker stubs

.iplt           0x08006acc        0x0
 .iplt          0x08006acc        0x0 C:/ST/STM32CubeIDE_1.17.0/STM32CubeIDE/plugins/com.st.stm32cube.ide.mcu.externaltools.gnu-tools-for-stm32.12.3.rel1.win32_1.1.0.202410251130/tools/bin/../lib/gcc/arm-none-eabi/12.3.1/thumb/v6-m/nofp/crtbegin.o

.rodata         0x08006ad0      0x14c
                0x08006ad0                        . = ALIGN (0x4)
 *(.rodata)
 .rodata        0x08006ad0       0x40 C:/ST/STM32CubeIDE_1.17.0/STM32CubeIDE/plugins/com.st.stm32cube.ide.mcu.externaltools.gnu-tools-for-stm32.12.3.rel1.win32_1.1.0.202410251130/tools/bin/../lib/gcc/arm-none-eabi/12.3.1/thumb/v6-m/nofp\libgcc.a(divdf3.o)
 *(.rodata*)
 .rodata.str1.1
                0x08006b10       0x14 ./Core/Src/main.o
 .rodata._ftoa.str1.1
                0x08006b24       0x12 ./Core/Src/printf.o
 *fill*         0x08006b36        0x2 
 .rodata.pow10.0
                0x08006b38       0x50 ./Core/Src/printf.o
 .rodata.slcan_parse_str.str1.1
                0x08006b88       0x1b ./Core/Src/slcan.o
 .rodata.AHBPrescTable
                0x08006ba3       0x10 ./Core/Src/system_stm32f0xx.o
                0x08006ba3                AHBPrescTable
 .rodata.aPredivFactorTable.0
                0x08006bb3       0x10 ./Drivers/STM32F0xx_HAL_Driver/Src/stm32f0xx_hal_rcc.o
 .rodata.aPLLMULFactorTable.1
                0x08006bc3       0x10 ./Drivers/STM32F0xx_HAL_Driver/Src/stm32f0xx_hal_rcc.o
 .rodata.USBD_FS_ManufacturerStrDescriptor.str1.1
                0x08006bd3        0x6 ./USB_DEVICE/App/usbd_desc.o
 .rodata.USBD_FS_ProductStrDescriptor.str1.1
                0x08006bd9       0x28 ./USB_DEVICE/App/usbd_desc.o
 .rodata.USBD_FS_ConfigStrDescriptor.str1.1
                0x08006c01        0xb ./USB_DEVICE/App/usbd_desc.o
 .rodata.USBD_FS_InterfaceStrDescriptor.str1.1
                0x08006c0c        0xe ./USB_DEVICE/App/usbd_desc.o
                0x08006c1c                        . = ALIGN (0x4)
 *fill*         0x08006c1a        0x2 

.ARM.extab      0x08006c1c        0x0
                0x08006c1c                        . = ALIGN (0x4)
 *(.ARM.extab* .gnu.linkonce.armextab.*)
                0x08006c1c                        . = ALIGN (0x4)

.ARM            0x08006c1c        0x8
                0x08006c1c                        . = ALIGN (0x4)
                0x08006c1c                        __exidx_start = .
 *(.ARM.exidx*)
 .ARM.exidx     0x08006c1c        0x8 C:/ST/STM32CubeIDE_1.17.0/STM32CubeIDE/plugins/com.st.stm32cube.ide.mcu.externaltools.gnu-tools-for-stm32.12.3.rel1.win32_1.1.0.202410251130/tools/bin/../lib/gcc/arm-none-eabi/12.3.1/thumb/v6-m/nofp\libgcc.a(_udivmoddi4.o)
                0x08006c24                        __exidx_end = .
                0x08006c24                        . = ALIGN (0x4)

.preinit_array  0x08006c24        0x0
                0x08006c24                        . = ALIGN (0x4)
                0x08006c24                        PROVIDE (__preinit_array_start = .)
 *(.preinit_array*)
                0x08006c24                        PROVIDE (__preinit_array_end = .)
                0x08006c24                        . = ALIGN (0x4)

.init_array     0x08006c24        0x4
                0x08006c24                        . = ALIGN (0x4)
                0x08006c24                        PROVIDE (__init_array_start = .)
 *(SORT_BY_NAME(.init_array.*))
 *(.init_array*)
 .init_array    0x08006c24        0x4 C:/ST/STM32CubeIDE_1.17.0/STM32CubeIDE/plugins/com.st.stm32cube.ide.mcu.externaltools.gnu-tools-for-stm32.12.3.rel1.win32_1.1.0.202410251130/tools/bin/../lib/gcc/arm-none-eabi/12.3.1/thumb/v6-m/nofp/crtbegin.o
                0x08006c28                        PROVIDE (__init_array_end = .)
                0x08006c28                        . = ALIGN (0x4)

.fini_array     0x08006c28        0x4
                0x08006c28                        . = ALIGN (0x4)
                [!provide]                        PROVIDE (__fini_array_start = .)
 *(SORT_BY_NAME(.fini_array.*))
 *(.fini_array*)
 .fini_array    0x08006c28        0x4 C:/ST/STM32CubeIDE_1.17.0/STM32CubeIDE/plugins/com.st.stm32cube.ide.mcu.externaltools.gnu-tools-for-stm32.12.3.rel1.win32_1.1.0.202410251130/tools/bin/../lib/gcc/arm-none-eabi/12.3.1/thumb/v6-m/nofp/crtbegin.o
                [!provide]                        PROVIDE (__fini_array_end = .)
                0x08006c2c                        . = ALIGN (0x4)
                0x08006c2c                        _sidata = LOADADDR (.data)

.rel.dyn        0x08006c2c        0x0
 .rel.iplt      0x08006c2c        0x0 C:/ST/STM32CubeIDE_1.17.0/STM32CubeIDE/plugins/com.st.stm32cube.ide.mcu.externaltools.gnu-tools-for-stm32.12.3.rel1.win32_1.1.0.202410251130/tools/bin/../lib/gcc/arm-none-eabi/12.3.1/thumb/v6-m/nofp/crtbegin.o

.data           0x20000000      0x224 load address 0x08006c2c
                0x20000000                        . = ALIGN (0x4)
                0x20000000                        _sdata = .
 *(.data)
 *(.data*)
 .data.can_autoretransmit
                0x20000000        0x1 ./Core/Src/can.o
 .data.startAndStopEnabled
                0x20000001        0x1 ./Core/Src/main.o
                0x20000001                startAndStopEnabled
 .data.panicAlarmStartMsgData
                0x20000002       0x28 ./Core/Src/main.o
                0x20000002                panicAlarmStartMsgData
 *fill*         0x2000002a        0x2 
 .data.panicAlarmStartMsgHeader
                0x2000002c       0x78 ./Core/Src/main.o
                0x2000002c                panicAlarmStartMsgHeader
 .data.FW_VERSION
                0x200000a4        0x4 ./Core/Src/main.o
                0x200000a4                FW_VERSION
 .data.SystemCoreClock
                0x200000a8        0x4 ./Core/Src/system_stm32f0xx.o
                0x200000a8                SystemCoreClock
 .data.uwTickFreq
                0x200000ac        0x1 ./Drivers/STM32F0xx_HAL_Driver/Src/stm32f0xx_hal.o
                0x200000ac                uwTickFreq
 *fill*         0x200000ad        0x3 
 .data.uwTickPrio
                0x200000b0        0x4 ./Drivers/STM32F0xx_HAL_Driver/Src/stm32f0xx_hal.o
                0x200000b0                uwTickPrio
 .data.USBD_CDC_OtherSpeedCfgDesc
                0x200000b4       0x43 ./Middlewares/ST/STM32_USB_Device_Library/Class/CDC/Src/usbd_cdc.o
                0x200000b4                USBD_CDC_OtherSpeedCfgDesc
 *fill*         0x200000f7        0x1 
 .data.USBD_CDC_CfgFSDesc
                0x200000f8       0x43 ./Middlewares/ST/STM32_USB_Device_Library/Class/CDC/Src/usbd_cdc.o
                0x200000f8                USBD_CDC_CfgFSDesc
 *fill*         0x2000013b        0x1 
 .data.USBD_CDC_CfgHSDesc
                0x2000013c       0x43 ./Middlewares/ST/STM32_USB_Device_Library/Class/CDC/Src/usbd_cdc.o
                0x2000013c                USBD_CDC_CfgHSDesc
 *fill*         0x2000017f        0x1 
 .data.USBD_CDC
                0x20000180       0x38 ./Middlewares/ST/STM32_USB_Device_Library/Class/CDC/Src/usbd_cdc.o
                0x20000180                USBD_CDC
 .data.USBD_CDC_DeviceQualifierDesc
                0x200001b8        0xa ./Middlewares/ST/STM32_USB_Device_Library/Class/CDC/Src/usbd_cdc.o
 *fill*         0x200001c2        0x2 
 .data.USBD_Interface_fops_FS
                0x200001c4       0x10 ./USB_DEVICE/App/usbd_cdc_if.o
                0x200001c4                USBD_Interface_fops_FS
 .data.USBD_StringSerial
                0x200001d4       0x1a ./USB_DEVICE/App/usbd_desc.o
                0x200001d4                USBD_StringSerial
 *fill*         0x200001ee        0x2 
 .data.USBD_LangIDDesc
                0x200001f0        0x4 ./USB_DEVICE/App/usbd_desc.o
                0x200001f0                USBD_LangIDDesc
 .data.USBD_FS_DeviceDesc
                0x200001f4       0x12 ./USB_DEVICE/App/usbd_desc.o
                0x200001f4                USBD_FS_DeviceDesc
 *fill*         0x20000206        0x2 
 .data.FS_Desc  0x20000208       0x1c ./USB_DEVICE/App/usbd_desc.o
                0x20000208                FS_Desc
 *(.RamFunc)
 *(.RamFunc*)
                0x20000224                        . = ALIGN (0x4)
                0x20000224                        _edata = .

.igot.plt       0x20000224        0x0 load address 0x08006e50
 .igot.plt      0x20000224        0x0 C:/ST/STM32CubeIDE_1.17.0/STM32CubeIDE/plugins/com.st.stm32cube.ide.mcu.externaltools.gnu-tools-for-stm32.12.3.rel1.win32_1.1.0.202410251130/tools/bin/../lib/gcc/arm-none-eabi/12.3.1/thumb/v6-m/nofp/crtbegin.o
                0x20000224                        . = ALIGN (0x4)

.bss            0x20000224      0xff8 load address 0x08006e50
                0x20000224                        _sbss = .
                0x20000224                        __bss_start__ = _sbss
 *(.bss)
 .bss           0x20000224       0x1c C:/ST/STM32CubeIDE_1.17.0/STM32CubeIDE/plugins/com.st.stm32cube.ide.mcu.externaltools.gnu-tools-for-stm32.12.3.rel1.win32_1.1.0.202410251130/tools/bin/../lib/gcc/arm-none-eabi/12.3.1/thumb/v6-m/nofp/crtbegin.o
 *(.bss*)
 .bss.txqueue   0x20000240      0x384 ./Core/Src/can.o
                0x20000240                txqueue
 .bss.bus_state
                0x200005c4        0x1 ./Core/Src/can.o
 *fill*         0x200005c5        0x3 
 .bss.prescaler
                0x200005c8        0x4 ./Core/Src/can.o
 .bss.can_handle
                0x200005cc       0x28 ./Core/Src/can.o
 .bss.err_time  0x200005f4       0x18 ./Core/Src/error.o
 .bss.err_reg   0x2000060c        0x4 ./Core/Src/error.o
 .bss.floodTheBusLastTimeSent
                0x20000610        0x4 ./Core/Src/main.o
                0x20000610                floodTheBusLastTimeSent
 .bss.floodTheBusStartTime
                0x20000614        0x4 ./Core/Src/main.o
                0x20000614                floodTheBusStartTime
 .bss.floodTheBus
                0x20000618        0x1 ./Core/Src/main.o
                0x20000618                floodTheBus
 .bss.msg_buf   0x20000619       0x1e ./Core/Src/main.o
                0x20000619                msg_buf
 .bss.rx_msg_data
                0x20000637        0x8 ./Core/Src/main.o
                0x20000637                rx_msg_data
 *fill*         0x2000063f        0x1 
 .bss.rx_msg_header
                0x20000640       0x1c ./Core/Src/main.o
                0x20000640                rx_msg_header
 .bss.lastTimeStartAndstopDisablerButtonPressed
                0x2000065c        0x4 ./Core/Src/main.o
                0x2000065c                lastTimeStartAndstopDisablerButtonPressed
 .bss.panicAlarmActivated
                0x20000660        0x1 ./Core/Src/main.o
                0x20000660                panicAlarmActivated
 *fill*         0x20000661        0x3 
 .bss.debugTimer0
                0x20000664        0x4 ./Core/Src/main.o
                0x20000664                debugTimer0
 .bss.immobilizerEnabled
                0x20000668        0x1 ./Core/Src/main.o
                0x20000668                immobilizerEnabled
 *fill*         0x20000669        0x3 
 .bss.led_red_lastoff
                0x2000066c        0x4 ./Core/Src/onboardLed.o
 .bss.led_blue_lastoff
                0x20000670        0x4 ./Core/Src/onboardLed.o
 .bss.led_red_laston
                0x20000674        0x4 ./Core/Src/onboardLed.o
 .bss.led_blue_laston
                0x20000678        0x4 ./Core/Src/onboardLed.o
 .bss.hdma_tim1_ch4_trig_com
                0x2000067c       0x44 ./Core/Src/vuMeter.o
                0x2000067c                hdma_tim1_ch4_trig_com
 .bss.uwTick    0x200006c0        0x4 ./Drivers/STM32F0xx_HAL_Driver/Src/stm32f0xx_hal.o
                0x200006c0                uwTick
 .bss.cfgidx.0  0x200006c4        0x1 ./Middlewares/ST/STM32_USB_Device_Library/Core/Src/usbd_ctlreq.o
 *fill*         0x200006c5        0x3 
 .bss.hUsbDeviceFS
                0x200006c8      0x2c4 ./USB_DEVICE/App/usb_device.o
                0x200006c8                hUsbDeviceFS
 .bss.slcan_str_index
                0x2000098c        0x1 ./USB_DEVICE/App/usbd_cdc_if.o
 .bss.slcan_str
                0x2000098d       0x1e ./USB_DEVICE/App/usbd_cdc_if.o
 .bss.UserTxBufferFS
                0x200009ab       0x40 ./USB_DEVICE/App/usbd_cdc_if.o
                0x200009ab                UserTxBufferFS
 *fill*         0x200009eb        0x1 
 .bss.UserRxBufferFS
                0x200009ec      0x19c ./USB_DEVICE/App/usbd_cdc_if.o
 .bss.USBD_StrDesc
                0x20000b88      0x200 ./USB_DEVICE/App/usbd_desc.o
                0x20000b88                USBD_StrDesc
 .bss.mem.0     0x20000d88      0x220 ./USB_DEVICE/Target/usbd_conf.o
 .bss.hpcd_USB_FS
                0x20000fa8      0x274 ./USB_DEVICE/Target/usbd_conf.o
                0x20000fa8                hpcd_USB_FS
 *(COMMON)
                0x2000121c                        . = ALIGN (0x4)
                0x2000121c                        _ebss = .
                0x2000121c                        __bss_end__ = _ebss

._user_heap_stack
                0x2000121c      0x604 load address 0x08006e50
                0x20001220                        . = ALIGN (0x8)
 *fill*         0x2000121c        0x4 
                [!provide]                        PROVIDE (end = .)
                0x20001220                        PROVIDE (_end = .)
                0x20001420                        . = (. + _Min_Heap_Size)
 *fill*         0x20001220      0x200 
                0x20001820                        . = (. + _Min_Stack_Size)
 *fill*         0x20001420      0x400 
                0x20001820                        . = ALIGN (0x8)

/DISCARD/
 libc.a(*)
 libm.a(*)
 libgcc.a(*)

.ARM.attributes
                0x00000000       0x28
 *(.ARM.attributes)
 .ARM.attributes
                0x00000000       0x1e C:/ST/STM32CubeIDE_1.17.0/STM32CubeIDE/plugins/com.st.stm32cube.ide.mcu.externaltools.gnu-tools-for-stm32.12.3.rel1.win32_1.1.0.202410251130/tools/bin/../lib/gcc/arm-none-eabi/12.3.1/thumb/v6-m/nofp/crti.o
 .ARM.attributes
                0x0000001e       0x2c C:/ST/STM32CubeIDE_1.17.0/STM32CubeIDE/plugins/com.st.stm32cube.ide.mcu.externaltools.gnu-tools-for-stm32.12.3.rel1.win32_1.1.0.202410251130/tools/bin/../lib/gcc/arm-none-eabi/12.3.1/thumb/v6-m/nofp/crtbegin.o
 .ARM.attributes
                0x0000004a       0x2c ./Core/Src/can.o
 .ARM.attributes
                0x00000076       0x2c ./Core/Src/error.o
 .ARM.attributes
                0x000000a2       0x2c ./Core/Src/main.o
 .ARM.attributes
                0x000000ce       0x2c ./Core/Src/onboardLed.o
 .ARM.attributes
                0x000000fa       0x2c ./Core/Src/printf.o
 .ARM.attributes
                0x00000126       0x2c ./Core/Src/slcan.o
 .ARM.attributes
                0x00000152       0x2c ./Core/Src/stm32f0xx_hal_msp.o
 .ARM.attributes
                0x0000017e       0x2c ./Core/Src/stm32f0xx_it.o
 .ARM.attributes
                0x000001aa       0x2c ./Core/Src/system_stm32f0xx.o
 .ARM.attributes
                0x000001d6       0x2c ./Core/Src/vuMeter.o
 .ARM.attributes
                0x00000202       0x21 ./Core/Startup/startup_stm32f072c8tx.o
 .ARM.attributes
                0x00000223       0x2c ./Drivers/STM32F0xx_HAL_Driver/Src/stm32f0xx_hal.o
 .ARM.attributes
                0x0000024f       0x2c ./Drivers/STM32F0xx_HAL_Driver/Src/stm32f0xx_hal_can.o
 .ARM.attributes
                0x0000027b       0x2c ./Drivers/STM32F0xx_HAL_Driver/Src/stm32f0xx_hal_cortex.o
 .ARM.attributes
                0x000002a7       0x2c ./Drivers/STM32F0xx_HAL_Driver/Src/stm32f0xx_hal_dma.o
 .ARM.attributes
                0x000002d3       0x2c ./Drivers/STM32F0xx_HAL_Driver/Src/stm32f0xx_hal_gpio.o
 .ARM.attributes
                0x000002ff       0x2c ./Drivers/STM32F0xx_HAL_Driver/Src/stm32f0xx_hal_pcd.o
 .ARM.attributes
                0x0000032b       0x2c ./Drivers/STM32F0xx_HAL_Driver/Src/stm32f0xx_hal_pcd_ex.o
 .ARM.attributes
                0x00000357       0x2c ./Drivers/STM32F0xx_HAL_Driver/Src/stm32f0xx_hal_rcc.o
 .ARM.attributes
                0x00000383       0x2c ./Drivers/STM32F0xx_HAL_Driver/Src/stm32f0xx_hal_rcc_ex.o
 .ARM.attributes
                0x000003af       0x2c ./Drivers/STM32F0xx_HAL_Driver/Src/stm32f0xx_ll_usb.o
 .ARM.attributes
                0x000003db       0x2c ./Middlewares/ST/STM32_USB_Device_Library/Class/CDC/Src/usbd_cdc.o
 .ARM.attributes
                0x00000407       0x2c ./Middlewares/ST/STM32_USB_Device_Library/Core/Src/usbd_core.o
 .ARM.attributes
                0x00000433       0x2c ./Middlewares/ST/STM32_USB_Device_Library/Core/Src/usbd_ctlreq.o
 .ARM.attributes
                0x0000045f       0x2c ./Middlewares/ST/STM32_USB_Device_Library/Core/Src/usbd_ioreq.o
 .ARM.attributes
                0x0000048b       0x2c ./USB_DEVICE/App/usb_device.o
 .ARM.attributes
                0x000004b7       0x2c ./USB_DEVICE/App/usbd_cdc_if.o
 .ARM.attributes
                0x000004e3       0x2c ./USB_DEVICE/App/usbd_desc.o
 .ARM.attributes
                0x0000050f       0x2c ./USB_DEVICE/Target/usbd_conf.o
 .ARM.attributes
                0x0000053b       0x2c C:/ST/STM32CubeIDE_1.17.0/STM32CubeIDE/plugins/com.st.stm32cube.ide.mcu.externaltools.gnu-tools-for-stm32.12.3.rel1.win32_1.1.0.202410251130/tools/bin/../lib/gcc/arm-none-eabi/12.3.1/../../../../arm-none-eabi/lib/thumb/v6-m/nofp\libc_nano.a(libc_a-memset.o)
 .ARM.attributes
                0x00000567       0x2c C:/ST/STM32CubeIDE_1.17.0/STM32CubeIDE/plugins/com.st.stm32cube.ide.mcu.externaltools.gnu-tools-for-stm32.12.3.rel1.win32_1.1.0.202410251130/tools/bin/../lib/gcc/arm-none-eabi/12.3.1/../../../../arm-none-eabi/lib/thumb/v6-m/nofp\libc_nano.a(libc_a-init.o)
 .ARM.attributes
                0x00000593       0x1c C:/ST/STM32CubeIDE_1.17.0/STM32CubeIDE/plugins/com.st.stm32cube.ide.mcu.externaltools.gnu-tools-for-stm32.12.3.rel1.win32_1.1.0.202410251130/tools/bin/../lib/gcc/arm-none-eabi/12.3.1/../../../../arm-none-eabi/lib/thumb/v6-m/nofp\libc_nano.a(libc_a-strlen.o)
 .ARM.attributes
                0x000005af       0x1e C:/ST/STM32CubeIDE_1.17.0/STM32CubeIDE/plugins/com.st.stm32cube.ide.mcu.externaltools.gnu-tools-for-stm32.12.3.rel1.win32_1.1.0.202410251130/tools/bin/../lib/gcc/arm-none-eabi/12.3.1/thumb/v6-m/nofp\libgcc.a(_thumb1_case_uqi.o)
 .ARM.attributes
                0x000005cd       0x1e C:/ST/STM32CubeIDE_1.17.0/STM32CubeIDE/plugins/com.st.stm32cube.ide.mcu.externaltools.gnu-tools-for-stm32.12.3.rel1.win32_1.1.0.202410251130/tools/bin/../lib/gcc/arm-none-eabi/12.3.1/thumb/v6-m/nofp\libgcc.a(_thumb1_case_shi.o)
 .ARM.attributes
                0x000005eb       0x1e C:/ST/STM32CubeIDE_1.17.0/STM32CubeIDE/plugins/com.st.stm32cube.ide.mcu.externaltools.gnu-tools-for-stm32.12.3.rel1.win32_1.1.0.202410251130/tools/bin/../lib/gcc/arm-none-eabi/12.3.1/thumb/v6-m/nofp\libgcc.a(_thumb1_case_uhi.o)
 .ARM.attributes
                0x00000609       0x1e C:/ST/STM32CubeIDE_1.17.0/STM32CubeIDE/plugins/com.st.stm32cube.ide.mcu.externaltools.gnu-tools-for-stm32.12.3.rel1.win32_1.1.0.202410251130/tools/bin/../lib/gcc/arm-none-eabi/12.3.1/thumb/v6-m/nofp\libgcc.a(_udivsi3.o)
 .ARM.attributes
                0x00000627       0x1e C:/ST/STM32CubeIDE_1.17.0/STM32CubeIDE/plugins/com.st.stm32cube.ide.mcu.externaltools.gnu-tools-for-stm32.12.3.rel1.win32_1.1.0.202410251130/tools/bin/../lib/gcc/arm-none-eabi/12.3.1/thumb/v6-m/nofp\libgcc.a(_divsi3.o)
 .ARM.attributes
                0x00000645       0x1e C:/ST/STM32CubeIDE_1.17.0/STM32CubeIDE/plugins/com.st.stm32cube.ide.mcu.externaltools.gnu-tools-for-stm32.12.3.rel1.win32_1.1.0.202410251130/tools/bin/../lib/gcc/arm-none-eabi/12.3.1/thumb/v6-m/nofp\libgcc.a(_dvmd_tls.o)
 .ARM.attributes
                0x00000663       0x1e C:/ST/STM32CubeIDE_1.17.0/STM32CubeIDE/plugins/com.st.stm32cube.ide.mcu.externaltools.gnu-tools-for-stm32.12.3.rel1.win32_1.1.0.202410251130/tools/bin/../lib/gcc/arm-none-eabi/12.3.1/thumb/v6-m/nofp\libgcc.a(_arm_cmpdf2.o)
 .ARM.attributes
                0x00000681       0x1e C:/ST/STM32CubeIDE_1.17.0/STM32CubeIDE/plugins/com.st.stm32cube.ide.mcu.externaltools.gnu-tools-for-stm32.12.3.rel1.win32_1.1.0.202410251130/tools/bin/../lib/gcc/arm-none-eabi/12.3.1/thumb/v6-m/nofp\libgcc.a(_aeabi_uldivmod.o)
 .ARM.attributes
                0x0000069f       0x2c C:/ST/STM32CubeIDE_1.17.0/STM32CubeIDE/plugins/com.st.stm32cube.ide.mcu.externaltools.gnu-tools-for-stm32.12.3.rel1.win32_1.1.0.202410251130/tools/bin/../lib/gcc/arm-none-eabi/12.3.1/thumb/v6-m/nofp\libgcc.a(_fixunsdfsi.o)
 .ARM.attributes
                0x000006cb       0x2c C:/ST/STM32CubeIDE_1.17.0/STM32CubeIDE/plugins/com.st.stm32cube.ide.mcu.externaltools.gnu-tools-for-stm32.12.3.rel1.win32_1.1.0.202410251130/tools/bin/../lib/gcc/arm-none-eabi/12.3.1/thumb/v6-m/nofp\libgcc.a(_udivmoddi4.o)
 .ARM.attributes
                0x000006f7       0x2c C:/ST/STM32CubeIDE_1.17.0/STM32CubeIDE/plugins/com.st.stm32cube.ide.mcu.externaltools.gnu-tools-for-stm32.12.3.rel1.win32_1.1.0.202410251130/tools/bin/../lib/gcc/arm-none-eabi/12.3.1/thumb/v6-m/nofp\libgcc.a(adddf3.o)
 .ARM.attributes
                0x00000723       0x2c C:/ST/STM32CubeIDE_1.17.0/STM32CubeIDE/plugins/com.st.stm32cube.ide.mcu.externaltools.gnu-tools-for-stm32.12.3.rel1.win32_1.1.0.202410251130/tools/bin/../lib/gcc/arm-none-eabi/12.3.1/thumb/v6-m/nofp\libgcc.a(divdf3.o)
 .ARM.attributes
                0x0000074f       0x2c C:/ST/STM32CubeIDE_1.17.0/STM32CubeIDE/plugins/com.st.stm32cube.ide.mcu.externaltools.gnu-tools-for-stm32.12.3.rel1.win32_1.1.0.202410251130/tools/bin/../lib/gcc/arm-none-eabi/12.3.1/thumb/v6-m/nofp\libgcc.a(eqdf2.o)
 .ARM.attributes
                0x0000077b       0x2c C:/ST/STM32CubeIDE_1.17.0/STM32CubeIDE/plugins/com.st.stm32cube.ide.mcu.externaltools.gnu-tools-for-stm32.12.3.rel1.win32_1.1.0.202410251130/tools/bin/../lib/gcc/arm-none-eabi/12.3.1/thumb/v6-m/nofp\libgcc.a(gedf2.o)
 .ARM.attributes
                0x000007a7       0x2c C:/ST/STM32CubeIDE_1.17.0/STM32CubeIDE/plugins/com.st.stm32cube.ide.mcu.externaltools.gnu-tools-for-stm32.12.3.rel1.win32_1.1.0.202410251130/tools/bin/../lib/gcc/arm-none-eabi/12.3.1/thumb/v6-m/nofp\libgcc.a(ledf2.o)
 .ARM.attributes
                0x000007d3       0x2c C:/ST/STM32CubeIDE_1.17.0/STM32CubeIDE/plugins/com.st.stm32cube.ide.mcu.externaltools.gnu-tools-for-stm32.12.3.rel1.win32_1.1.0.202410251130/tools/bin/../lib/gcc/arm-none-eabi/12.3.1/thumb/v6-m/nofp\libgcc.a(muldf3.o)
 .ARM.attributes
                0x000007ff       0x2c C:/ST/STM32CubeIDE_1.17.0/STM32CubeIDE/plugins/com.st.stm32cube.ide.mcu.externaltools.gnu-tools-for-stm32.12.3.rel1.win32_1.1.0.202410251130/tools/bin/../lib/gcc/arm-none-eabi/12.3.1/thumb/v6-m/nofp\libgcc.a(subdf3.o)
 .ARM.attributes
                0x0000082b       0x2c C:/ST/STM32CubeIDE_1.17.0/STM32CubeIDE/plugins/com.st.stm32cube.ide.mcu.externaltools.gnu-tools-for-stm32.12.3.rel1.win32_1.1.0.202410251130/tools/bin/../lib/gcc/arm-none-eabi/12.3.1/thumb/v6-m/nofp\libgcc.a(fixdfsi.o)
 .ARM.attributes
                0x00000857       0x2c C:/ST/STM32CubeIDE_1.17.0/STM32CubeIDE/plugins/com.st.stm32cube.ide.mcu.externaltools.gnu-tools-for-stm32.12.3.rel1.win32_1.1.0.202410251130/tools/bin/../lib/gcc/arm-none-eabi/12.3.1/thumb/v6-m/nofp\libgcc.a(floatsidf.o)
 .ARM.attributes
                0x00000883       0x2c C:/ST/STM32CubeIDE_1.17.0/STM32CubeIDE/plugins/com.st.stm32cube.ide.mcu.externaltools.gnu-tools-for-stm32.12.3.rel1.win32_1.1.0.202410251130/tools/bin/../lib/gcc/arm-none-eabi/12.3.1/thumb/v6-m/nofp\libgcc.a(floatunsidf.o)
 .ARM.attributes
                0x000008af       0x1e C:/ST/STM32CubeIDE_1.17.0/STM32CubeIDE/plugins/com.st.stm32cube.ide.mcu.externaltools.gnu-tools-for-stm32.12.3.rel1.win32_1.1.0.202410251130/tools/bin/../lib/gcc/arm-none-eabi/12.3.1/thumb/v6-m/nofp\libgcc.a(_clzsi2.o)
 .ARM.attributes
                0x000008cd       0x1e C:/ST/STM32CubeIDE_1.17.0/STM32CubeIDE/plugins/com.st.stm32cube.ide.mcu.externaltools.gnu-tools-for-stm32.12.3.rel1.win32_1.1.0.202410251130/tools/bin/../lib/gcc/arm-none-eabi/12.3.1/thumb/v6-m/nofp\libgcc.a(_clzdi2.o)
 .ARM.attributes
                0x000008eb       0x1e C:/ST/STM32CubeIDE_1.17.0/STM32CubeIDE/plugins/com.st.stm32cube.ide.mcu.externaltools.gnu-tools-for-stm32.12.3.rel1.win32_1.1.0.202410251130/tools/bin/../lib/gcc/arm-none-eabi/12.3.1/thumb/v6-m/nofp/crtn.o
OUTPUT(ledsStripController.elf elf32-littlearm)
LOAD linker stubs
LOAD C:/ST/STM32CubeIDE_1.17.0/STM32CubeIDE/plugins/com.st.stm32cube.ide.mcu.externaltools.gnu-tools-for-stm32.12.3.rel1.win32_1.1.0.202410251130/tools/bin/../lib/gcc/arm-none-eabi/12.3.1/../../../../arm-none-eabi/lib/thumb/v6-m/nofp\libc.a
LOAD C:/ST/STM32CubeIDE_1.17.0/STM32CubeIDE/plugins/com.st.stm32cube.ide.mcu.externaltools.gnu-tools-for-stm32.12.3.rel1.win32_1.1.0.202410251130/tools/bin/../lib/gcc/arm-none-eabi/12.3.1/../../../../arm-none-eabi/lib/thumb/v6-m/nofp\libm.a
LOAD C:/ST/STM32CubeIDE_1.17.0/STM32CubeIDE/plugins/com.st.stm32cube.ide.mcu.externaltools.gnu-tools-for-stm32.12.3.rel1.win32_1.1.0.202410251130/tools/bin/../lib/gcc/arm-none-eabi/12.3.1/thumb/v6-m/nofp\libgcc.a

.comment        0x00000000       0x43
 .comment       0x00000000       0x43 ./Core/Src/can.o
                                 0x44 (size before relaxing)
 .comment       0x00000043       0x44 ./Core/Src/error.o
 .comment       0x00000043       0x44 ./Core/Src/main.o
 .comment       0x00000043       0x44 ./Core/Src/onboardLed.o
 .comment       0x00000043       0x44 ./Core/Src/printf.o
 .comment       0x00000043       0x44 ./Core/Src/slcan.o
 .comment       0x00000043       0x44 ./Core/Src/stm32f0xx_hal_msp.o
 .comment       0x00000043       0x44 ./Core/Src/stm32f0xx_it.o
 .comment       0x00000043       0x44 ./Core/Src/system_stm32f0xx.o
 .comment       0x00000043       0x44 ./Core/Src/vuMeter.o
 .comment       0x00000043       0x44 ./Drivers/STM32F0xx_HAL_Driver/Src/stm32f0xx_hal.o
 .comment       0x00000043       0x44 ./Drivers/STM32F0xx_HAL_Driver/Src/stm32f0xx_hal_can.o
 .comment       0x00000043       0x44 ./Drivers/STM32F0xx_HAL_Driver/Src/stm32f0xx_hal_cortex.o
 .comment       0x00000043       0x44 ./Drivers/STM32F0xx_HAL_Driver/Src/stm32f0xx_hal_dma.o
 .comment       0x00000043       0x44 ./Drivers/STM32F0xx_HAL_Driver/Src/stm32f0xx_hal_gpio.o
 .comment       0x00000043       0x44 ./Drivers/STM32F0xx_HAL_Driver/Src/stm32f0xx_hal_pcd.o
 .comment       0x00000043       0x44 ./Drivers/STM32F0xx_HAL_Driver/Src/stm32f0xx_hal_pcd_ex.o
 .comment       0x00000043       0x44 ./Drivers/STM32F0xx_HAL_Driver/Src/stm32f0xx_hal_rcc.o
 .comment       0x00000043       0x44 ./Drivers/STM32F0xx_HAL_Driver/Src/stm32f0xx_hal_rcc_ex.o
 .comment       0x00000043       0x44 ./Drivers/STM32F0xx_HAL_Driver/Src/stm32f0xx_ll_usb.o
 .comment       0x00000043       0x44 ./Middlewares/ST/STM32_USB_Device_Library/Class/CDC/Src/usbd_cdc.o
 .comment       0x00000043       0x44 ./Middlewares/ST/STM32_USB_Device_Library/Core/Src/usbd_core.o
 .comment       0x00000043       0x44 ./Middlewares/ST/STM32_USB_Device_Library/Core/Src/usbd_ctlreq.o
 .comment       0x00000043       0x44 ./Middlewares/ST/STM32_USB_Device_Library/Core/Src/usbd_ioreq.o
 .comment       0x00000043       0x44 ./USB_DEVICE/App/usb_device.o
 .comment       0x00000043       0x44 ./USB_DEVICE/App/usbd_cdc_if.o
 .comment       0x00000043       0x44 ./USB_DEVICE/App/usbd_desc.o
 .comment       0x00000043       0x44 ./USB_DEVICE/Target/usbd_conf.o

.debug_frame    0x00000000      0x318
 .debug_frame   0x00000000       0x20 C:/ST/STM32CubeIDE_1.17.0/STM32CubeIDE/plugins/com.st.stm32cube.ide.mcu.externaltools.gnu-tools-for-stm32.12.3.rel1.win32_1.1.0.202410251130/tools/bin/../lib/gcc/arm-none-eabi/12.3.1/../../../../arm-none-eabi/lib/thumb/v6-m/nofp\libc_nano.a(libc_a-memset.o)
 .debug_frame   0x00000020       0x2c C:/ST/STM32CubeIDE_1.17.0/STM32CubeIDE/plugins/com.st.stm32cube.ide.mcu.externaltools.gnu-tools-for-stm32.12.3.rel1.win32_1.1.0.202410251130/tools/bin/../lib/gcc/arm-none-eabi/12.3.1/../../../../arm-none-eabi/lib/thumb/v6-m/nofp\libc_nano.a(libc_a-init.o)
 .debug_frame   0x0000004c       0x20 C:/ST/STM32CubeIDE_1.17.0/STM32CubeIDE/plugins/com.st.stm32cube.ide.mcu.externaltools.gnu-tools-for-stm32.12.3.rel1.win32_1.1.0.202410251130/tools/bin/../lib/gcc/arm-none-eabi/12.3.1/thumb/v6-m/nofp\libgcc.a(_udivsi3.o)
 .debug_frame   0x0000006c       0x20 C:/ST/STM32CubeIDE_1.17.0/STM32CubeIDE/plugins/com.st.stm32cube.ide.mcu.externaltools.gnu-tools-for-stm32.12.3.rel1.win32_1.1.0.202410251130/tools/bin/../lib/gcc/arm-none-eabi/12.3.1/thumb/v6-m/nofp\libgcc.a(_divsi3.o)
 .debug_frame   0x0000008c       0x2c C:/ST/STM32CubeIDE_1.17.0/STM32CubeIDE/plugins/com.st.stm32cube.ide.mcu.externaltools.gnu-tools-for-stm32.12.3.rel1.win32_1.1.0.202410251130/tools/bin/../lib/gcc/arm-none-eabi/12.3.1/thumb/v6-m/nofp\libgcc.a(_fixunsdfsi.o)
 .debug_frame   0x000000b8       0x3c C:/ST/STM32CubeIDE_1.17.0/STM32CubeIDE/plugins/com.st.stm32cube.ide.mcu.externaltools.gnu-tools-for-stm32.12.3.rel1.win32_1.1.0.202410251130/tools/bin/../lib/gcc/arm-none-eabi/12.3.1/thumb/v6-m/nofp\libgcc.a(_udivmoddi4.o)
 .debug_frame   0x000000f4       0x3c C:/ST/STM32CubeIDE_1.17.0/STM32CubeIDE/plugins/com.st.stm32cube.ide.mcu.externaltools.gnu-tools-for-stm32.12.3.rel1.win32_1.1.0.202410251130/tools/bin/../lib/gcc/arm-none-eabi/12.3.1/thumb/v6-m/nofp\libgcc.a(adddf3.o)
 .debug_frame   0x00000130       0x3c C:/ST/STM32CubeIDE_1.17.0/STM32CubeIDE/plugins/com.st.stm32cube.ide.mcu.externaltools.gnu-tools-for-stm32.12.3.rel1.win32_1.1.0.202410251130/tools/bin/../lib/gcc/arm-none-eabi/12.3.1/thumb/v6-m/nofp\libgcc.a(divdf3.o)
 .debug_frame   0x0000016c       0x38 C:/ST/STM32CubeIDE_1.17.0/STM32CubeIDE/plugins/com.st.stm32cube.ide.mcu.externaltools.gnu-tools-for-stm32.12.3.rel1.win32_1.1.0.202410251130/tools/bin/../lib/gcc/arm-none-eabi/12.3.1/thumb/v6-m/nofp\libgcc.a(eqdf2.o)
 .debug_frame   0x000001a4       0x3c C:/ST/STM32CubeIDE_1.17.0/STM32CubeIDE/plugins/com.st.stm32cube.ide.mcu.externaltools.gnu-tools-for-stm32.12.3.rel1.win32_1.1.0.202410251130/tools/bin/../lib/gcc/arm-none-eabi/12.3.1/thumb/v6-m/nofp\libgcc.a(gedf2.o)
 .debug_frame   0x000001e0       0x3c C:/ST/STM32CubeIDE_1.17.0/STM32CubeIDE/plugins/com.st.stm32cube.ide.mcu.externaltools.gnu-tools-for-stm32.12.3.rel1.win32_1.1.0.202410251130/tools/bin/../lib/gcc/arm-none-eabi/12.3.1/thumb/v6-m/nofp\libgcc.a(ledf2.o)
 .debug_frame   0x0000021c       0x3c C:/ST/STM32CubeIDE_1.17.0/STM32CubeIDE/plugins/com.st.stm32cube.ide.mcu.externaltools.gnu-tools-for-stm32.12.3.rel1.win32_1.1.0.202410251130/tools/bin/../lib/gcc/arm-none-eabi/12.3.1/thumb/v6-m/nofp\libgcc.a(muldf3.o)
 .debug_frame   0x00000258       0x3c C:/ST/STM32CubeIDE_1.17.0/STM32CubeIDE/plugins/com.st.stm32cube.ide.mcu.externaltools.gnu-tools-for-stm32.12.3.rel1.win32_1.1.0.202410251130/tools/bin/../lib/gcc/arm-none-eabi/12.3.1/thumb/v6-m/nofp\libgcc.a(subdf3.o)
 .debug_frame   0x00000294       0x30 C:/ST/STM32CubeIDE_1.17.0/STM32CubeIDE/plugins/com.st.stm32cube.ide.mcu.externaltools.gnu-tools-for-stm32.12.3.rel1.win32_1.1.0.202410251130/tools/bin/../lib/gcc/arm-none-eabi/12.3.1/thumb/v6-m/nofp\libgcc.a(fixdfsi.o)
 .debug_frame   0x000002c4       0x2c C:/ST/STM32CubeIDE_1.17.0/STM32CubeIDE/plugins/com.st.stm32cube.ide.mcu.externaltools.gnu-tools-for-stm32.12.3.rel1.win32_1.1.0.202410251130/tools/bin/../lib/gcc/arm-none-eabi/12.3.1/thumb/v6-m/nofp\libgcc.a(floatsidf.o)
 .debug_frame   0x000002f0       0x28 C:/ST/STM32CubeIDE_1.17.0/STM32CubeIDE/plugins/com.st.stm32cube.ide.mcu.externaltools.gnu-tools-for-stm32.12.3.rel1.win32_1.1.0.202410251130/tools/bin/../lib/gcc/arm-none-eabi/12.3.1/thumb/v6-m/nofp\libgcc.a(floatunsidf.o)
