../Drivers/STM32F0xx_HAL_Driver/Src/stm32f0xx_hal.c:188:13:HAL_MspInit	0	static
../Drivers/STM32F0xx_HAL_Driver/Src/stm32f0xx_hal.c:199:13:HAL_MspDeInit	0	static
../Drivers/STM32F0xx_HAL_Driver/Src/stm32f0xx_hal.c:165:19:HAL_DeInit	8	static
../Drivers/STM32F0xx_HAL_Driver/Src/stm32f0xx_hal.c:222:26:HAL_InitTick	16	static
../Drivers/STM32F0xx_HAL_Driver/Src/stm32f0xx_hal.c:141:19:HAL_Init	8	static
../Drivers/STM32F0xx_HAL_Driver/Src/stm32f0xx_hal.c:281:13:HAL_IncTick	0	static
../Drivers/STM32F0xx_HAL_Driver/Src/stm32f0xx_hal.c:292:17:HAL_GetTick	0	static
../Drivers/STM32F0xx_HAL_Driver/Src/stm32f0xx_hal.c:301:10:HAL_GetTickPrio	0	static
../Drivers/STM32F0xx_HAL_Driver/Src/stm32f0xx_hal.c:310:19:HAL_SetTickFreq	16	static
../Drivers/STM32F0xx_HAL_Driver/Src/stm32f0xx_hal.c:343:21:HAL_GetTickFreq	0	static
../Drivers/STM32F0xx_HAL_Driver/Src/stm32f0xx_hal.c:359:13:HAL_Delay	16	static
../Drivers/STM32F0xx_HAL_Driver/Src/stm32f0xx_hal.c:385:13:HAL_SuspendTick	0	static
../Drivers/STM32F0xx_HAL_Driver/Src/stm32f0xx_hal.c:402:13:HAL_ResumeTick	0	static
../Drivers/STM32F0xx_HAL_Driver/Src/stm32f0xx_hal.c:412:10:HAL_GetHalVersion	0	static
../Drivers/STM32F0xx_HAL_Driver/Src/stm32f0xx_hal.c:421:10:HAL_GetREVID	0	static
../Drivers/STM32F0xx_HAL_Driver/Src/stm32f0xx_hal.c:430:10:HAL_GetDEVID	0	static
../Drivers/STM32F0xx_HAL_Driver/Src/stm32f0xx_hal.c:439:10:HAL_GetUIDw0	0	static
../Drivers/STM32F0xx_HAL_Driver/Src/stm32f0xx_hal.c:448:10:HAL_GetUIDw1	0	static
../Drivers/STM32F0xx_HAL_Driver/Src/stm32f0xx_hal.c:457:10:HAL_GetUIDw2	0	static
../Drivers/STM32F0xx_HAL_Driver/Src/stm32f0xx_hal.c:466:6:HAL_DBGMCU_EnableDBGStopMode	0	static
../Drivers/STM32F0xx_HAL_Driver/Src/stm32f0xx_hal.c:475:6:HAL_DBGMCU_DisableDBGStopMode	0	static
../Drivers/STM32F0xx_HAL_Driver/Src/stm32f0xx_hal.c:484:6:HAL_DBGMCU_EnableDBGStandbyMode	0	static
../Drivers/STM32F0xx_HAL_Driver/Src/stm32f0xx_hal.c:493:6:HAL_DBGMCU_DisableDBGStandbyMode	0	static
