../Drivers/STM32F0xx_HAL_Driver/Src/stm32f0xx_hal_uart.c:559:14:HAL_UART_MspInit	0	static
../Drivers/STM32F0xx_HAL_Driver/Src/stm32f0xx_hal_uart.c:574:14:HAL_UART_MspDeInit	0	static
../Drivers/STM32F0xx_HAL_Driver/Src/stm32f0xx_hal_uart.c:522:19:HAL_UART_DeInit	16	static
../Drivers/STM32F0xx_HAL_Driver/Src/stm32f0xx_hal_uart.c:808:19:HAL_UART_Transmit_IT	16	static
../Drivers/STM32F0xx_HAL_Driver/Src/stm32f0xx_hal_uart.c:856:19:HAL_UART_Receive_IT	16	static
../Drivers/STM32F0xx_HAL_Driver/Src/stm32f0xx_hal_uart.c:913:19:HAL_UART_Transmit_DMA	16	static
../Drivers/STM32F0xx_HAL_Driver/Src/stm32f0xx_hal_uart.c:982:19:HAL_UART_Receive_DMA	16	static
../Drivers/STM32F0xx_HAL_Driver/Src/stm32f0xx_hal_uart.c:1043:19:HAL_UART_DMAPause	0	static
../Drivers/STM32F0xx_HAL_Driver/Src/stm32f0xx_hal_uart.c:1077:19:HAL_UART_DMAResume	0	static
../Drivers/STM32F0xx_HAL_Driver/Src/stm32f0xx_hal_uart.c:1118:19:HAL_UART_DMAStop	8	static
../Drivers/STM32F0xx_HAL_Driver/Src/stm32f0xx_hal_uart.c:1153:14:HAL_UART_TxCpltCallback	0	static
../Drivers/STM32F0xx_HAL_Driver/Src/stm32f0xx_hal_uart.c:1698:13:UART_DMATransmitCplt	8	static
../Drivers/STM32F0xx_HAL_Driver/Src/stm32f0xx_hal_uart.c:1168:14:HAL_UART_TxHalfCpltCallback	0	static
../Drivers/STM32F0xx_HAL_Driver/Src/stm32f0xx_hal_uart.c:1727:13:UART_DMATxHalfCplt	8	static
../Drivers/STM32F0xx_HAL_Driver/Src/stm32f0xx_hal_uart.c:1183:13:HAL_UART_RxCpltCallback	0	static
../Drivers/STM32F0xx_HAL_Driver/Src/stm32f0xx_hal_uart.c:1739:13:UART_DMAReceiveCplt	8	static
../Drivers/STM32F0xx_HAL_Driver/Src/stm32f0xx_hal_uart.c:1198:13:HAL_UART_RxHalfCpltCallback	0	static
../Drivers/STM32F0xx_HAL_Driver/Src/stm32f0xx_hal_uart.c:1771:13:UART_DMARxHalfCplt	8	static
../Drivers/STM32F0xx_HAL_Driver/Src/stm32f0xx_hal_uart.c:1213:14:HAL_UART_ErrorCallback	0	static
../Drivers/STM32F0xx_HAL_Driver/Src/stm32f0xx_hal_uart.c:1783:13:UART_DMAError	8	static
../Drivers/STM32F0xx_HAL_Driver/Src/stm32f0xx_hal_uart.c:1293:6:HAL_MultiProcessor_EnterMuteMode	0	static
../Drivers/STM32F0xx_HAL_Driver/Src/stm32f0xx_hal_uart.c:1303:19:HAL_HalfDuplex_EnableTransmitter	8	static
../Drivers/STM32F0xx_HAL_Driver/Src/stm32f0xx_hal_uart.c:1327:19:HAL_HalfDuplex_EnableReceiver	8	static
../Drivers/STM32F0xx_HAL_Driver/Src/stm32f0xx_hal_uart.c:1371:23:HAL_UART_GetState	0	static
../Drivers/STM32F0xx_HAL_Driver/Src/stm32f0xx_hal_uart.c:1382:10:HAL_UART_GetError	0	static
../Drivers/STM32F0xx_HAL_Driver/Src/stm32f0xx_hal_uart.c:1403:19:UART_SetConfig	24	static
../Drivers/STM32F0xx_HAL_Driver/Src/stm32f0xx_hal_uart.c:1508:6:UART_AdvFeatureConfig	12	static
../Drivers/STM32F0xx_HAL_Driver/Src/stm32f0xx_hal_uart.c:1635:19:UART_WaitOnFlagUntilTimeout	32	static
../Drivers/STM32F0xx_HAL_Driver/Src/stm32f0xx_hal_uart.c:650:19:HAL_UART_Transmit	32	static
../Drivers/STM32F0xx_HAL_Driver/Src/stm32f0xx_hal_uart.c:728:19:HAL_UART_Receive	32	static
../Drivers/STM32F0xx_HAL_Driver/Src/stm32f0xx_hal_uart.c:1582:19:UART_CheckIdleState	8	static
../Drivers/STM32F0xx_HAL_Driver/Src/stm32f0xx_hal_uart.c:279:19:HAL_UART_Init	16	static
../Drivers/STM32F0xx_HAL_Driver/Src/stm32f0xx_hal_uart.c:358:19:HAL_HalfDuplex_Init	16	static
../Drivers/STM32F0xx_HAL_Driver/Src/stm32f0xx_hal_uart.c:443:19:HAL_MultiProcessor_Init	24	static
../Drivers/STM32F0xx_HAL_Driver/Src/stm32f0xx_hal_uart.c:1251:19:HAL_MultiProcessor_EnableMuteMode	16	static
../Drivers/STM32F0xx_HAL_Driver/Src/stm32f0xx_hal_uart.c:1272:19:HAL_MultiProcessor_DisableMuteMode	16	static
../Drivers/STM32F0xx_HAL_Driver/Src/stm32f0xx_hal_uart.c:1800:19:UART_Transmit_IT	16	static
../Drivers/STM32F0xx_HAL_Driver/Src/stm32f0xx_hal_uart.c:1848:19:UART_EndTransmit_IT	8	static
../Drivers/STM32F0xx_HAL_Driver/Src/stm32f0xx_hal_uart.c:1876:19:UART_Receive_IT	16	static
